Component: ARM Compiler 5.06 update 7 (build 960) Tool: armlink [4d3601]

==============================================================================

Section Cross References

    startup_stm32f030x8.o(STACK) refers (Special) to heapauxi.o(.text) for __use_two_region_memory
    startup_stm32f030x8.o(HEAP) refers (Special) to heapauxi.o(.text) for __use_two_region_memory
    startup_stm32f030x8.o(RESET) refers (Special) to heapauxi.o(.text) for __use_two_region_memory
    startup_stm32f030x8.o(RESET) refers to startup_stm32f030x8.o(STACK) for __initial_sp
    startup_stm32f030x8.o(RESET) refers to startup_stm32f030x8.o(.text) for Reset_Handler
    startup_stm32f030x8.o(RESET) refers to stm32f0xx_it.o(i.NMI_Handler) for NMI_Handler
    startup_stm32f030x8.o(RESET) refers to stm32f0xx_it.o(i.HardFault_Handler) for HardFault_Handler
    startup_stm32f030x8.o(RESET) refers to stm32f0xx_it.o(i.SVC_Handler) for SVC_Handler
    startup_stm32f030x8.o(RESET) refers to stm32f0xx_it.o(i.PendSV_Handler) for PendSV_Handler
    startup_stm32f030x8.o(RESET) refers to stm32f0xx_it.o(i.SysTick_Handler) for SysTick_Handler
    startup_stm32f030x8.o(RESET) refers to stm32f0xx_it.o(i.DMA1_Channel1_IRQHandler) for DMA1_Channel1_IRQHandler
    startup_stm32f030x8.o(RESET) refers to stm32f0xx_it.o(i.TIM16_IRQHandler) for TIM16_IRQHandler
    startup_stm32f030x8.o(.text) refers (Special) to heapauxi.o(.text) for __use_two_region_memory
    startup_stm32f030x8.o(.text) refers to system_stm32f0xx.o(i.SystemInit) for SystemInit
    startup_stm32f030x8.o(.text) refers to __main.o(!!!main) for __main
    startup_stm32f030x8.o(.text) refers to startup_stm32f030x8.o(HEAP) for Heap_Mem
    startup_stm32f030x8.o(.text) refers to startup_stm32f030x8.o(STACK) for Stack_Mem
    main.o(i.MX_ADC_Init) refers to stm32f0xx_hal_adc.o(i.HAL_ADC_Init) for HAL_ADC_Init
    main.o(i.MX_ADC_Init) refers to stm32f0xx_hal_adc.o(i.HAL_ADC_ConfigChannel) for HAL_ADC_ConfigChannel
    main.o(i.MX_ADC_Init) refers to main.o(.bss) for .bss
    main.o(i.MX_GPIO_Init) refers to rt_memclr.o(.text) for __aeabi_memclr4
    main.o(i.MX_GPIO_Init) refers to stm32f0xx_hal_gpio.o(i.HAL_GPIO_WritePin) for HAL_GPIO_WritePin
    main.o(i.MX_GPIO_Init) refers to stm32f0xx_hal_gpio.o(i.HAL_GPIO_Init) for HAL_GPIO_Init
    main.o(i.MX_I2C1_Init) refers to stm32f0xx_hal_i2c.o(i.HAL_I2C_Init) for HAL_I2C_Init
    main.o(i.MX_I2C1_Init) refers to stm32f0xx_hal_i2c_ex.o(i.HAL_I2CEx_ConfigAnalogFilter) for HAL_I2CEx_ConfigAnalogFilter
    main.o(i.MX_I2C1_Init) refers to stm32f0xx_hal_i2c_ex.o(i.HAL_I2CEx_ConfigDigitalFilter) for HAL_I2CEx_ConfigDigitalFilter
    main.o(i.MX_I2C1_Init) refers to main.o(.bss) for .bss
    main.o(i.SystemClock_Config) refers to rt_memclr.o(.text) for __aeabi_memclr4
    main.o(i.SystemClock_Config) refers to stm32f0xx_hal_rcc.o(i.HAL_RCC_OscConfig) for HAL_RCC_OscConfig
    main.o(i.SystemClock_Config) refers to stm32f0xx_hal_rcc.o(i.HAL_RCC_ClockConfig) for HAL_RCC_ClockConfig
    main.o(i.SystemClock_Config) refers to stm32f0xx_hal_rcc_ex.o(i.HAL_RCCEx_PeriphCLKConfig) for HAL_RCCEx_PeriphCLKConfig
    main.o(i.adc_get_val) refers to aeabi_sdiv.o(.text) for __aeabi_idivmod
    main.o(i.adc_get_val) refers to main.o(.bss) for .bss
    main.o(i.main) refers to stm32f0xx_hal.o(i.HAL_Init) for HAL_Init
    main.o(i.main) refers to main.o(i.SystemClock_Config) for SystemClock_Config
    main.o(i.main) refers to stm32f0xx_hal.o(i.HAL_Delay) for HAL_Delay
    main.o(i.main) refers to segger_rtt_printf.o(i.SEGGER_RTT_printf) for SEGGER_RTT_printf
    main.o(i.main) refers to main.o(i.MX_GPIO_Init) for MX_GPIO_Init
    main.o(i.main) refers to stm32f0xx_hal_cortex.o(i.HAL_NVIC_SetPriority) for HAL_NVIC_SetPriority
    main.o(i.main) refers to stm32f0xx_hal_cortex.o(i.HAL_NVIC_EnableIRQ) for HAL_NVIC_EnableIRQ
    main.o(i.main) refers to main.o(i.MX_ADC_Init) for MX_ADC_Init
    main.o(i.main) refers to main.o(i.MX_I2C1_Init) for MX_I2C1_Init
    main.o(i.main) refers to stm32f0xx_hal_tim.o(i.HAL_TIM_Base_Init) for HAL_TIM_Base_Init
    main.o(i.main) refers to gui.o(i.gui_init) for gui_init
    main.o(i.main) refers to stm32f0xx_hal_adc_ex.o(i.HAL_ADCEx_Calibration_Start) for HAL_ADCEx_Calibration_Start
    main.o(i.main) refers to stm32f0xx_hal_adc.o(i.HAL_ADC_Start_DMA) for HAL_ADC_Start_DMA
    main.o(i.main) refers to stm32f0xx_hal_gpio.o(i.HAL_GPIO_WritePin) for HAL_GPIO_WritePin
    main.o(i.main) refers to ci24r1.o(i.CI24R1_SPI_Test) for CI24R1_SPI_Test
    main.o(i.main) refers to ci24r1.o(i.CI24R1_Init) for CI24R1_Init
    main.o(i.main) refers to ci24r1.o(i.CI24R1_SetChannel) for CI24R1_SetChannel
    main.o(i.main) refers to ci24r1.o(i.CI24R1_SetTxMode) for CI24R1_SetTxMode
    main.o(i.main) refers to ci24r1.o(i.CI24R1_SetTxAddress) for CI24R1_SetTxAddress
    main.o(i.main) refers to ci24r1.o(i.CI24R1_SetRxAddress) for CI24R1_SetRxAddress
[...]
    .ARM.Collect$$libinit$$0000000C          0x08000142   Section        0  libinit2.o(.ARM.Collect$$libinit$$0000000C)
    .ARM.Collect$$libinit$$0000000E          0x08000142   Section        0  libinit2.o(.ARM.Collect$$libinit$$0000000E)
    .ARM.Collect$$libinit$$0000000F          0x08000142   Section        6  libinit2.o(.ARM.Collect$$libinit$$0000000F)
    .ARM.Collect$$libinit$$00000011          0x08000148   Section        0  libinit2.o(.ARM.Collect$$libinit$$00000011)
    .ARM.Collect$$libinit$$00000013          0x08000148   Section        0  libinit2.o(.ARM.Collect$$libinit$$00000013)
    .ARM.Collect$$libinit$$00000015          0x08000148   Section        0  libinit2.o(.ARM.Collect$$libinit$$00000015)
    .ARM.Collect$$libinit$$00000016          0x08000148   Section       10  libinit2.o(.ARM.Collect$$libinit$$00000016)
    .ARM.Collect$$libinit$$00000017          0x08000152   Section        0  libinit2.o(.ARM.Collect$$libinit$$00000017)
    .ARM.Collect$$libinit$$00000019          0x08000152   Section        0  libinit2.o(.ARM.Collect$$libinit$$00000019)
    .ARM.Collect$$libinit$$0000001B          0x08000152   Section        0  libinit2.o(.ARM.Collect$$libinit$$0000001B)
    .ARM.Collect$$libinit$$0000001D          0x08000152   Section        0  libinit2.o(.ARM.Collect$$libinit$$0000001D)
    .ARM.Collect$$libinit$$0000001F          0x08000152   Section        0  libinit2.o(.ARM.Collect$$libinit$$0000001F)
    .ARM.Collect$$libinit$$00000021          0x08000152   Section        0  libinit2.o(.ARM.Collect$$libinit$$00000021)
    .ARM.Collect$$libinit$$00000023          0x08000152   Section        0  libinit2.o(.ARM.Collect$$libinit$$00000023)
    .ARM.Collect$$libinit$$00000025          0x08000152   Section        0  libinit2.o(.ARM.Collect$$libinit$$00000025)
    .ARM.Collect$$libinit$$0000002C          0x08000152   Section        0  libinit2.o(.ARM.Collect$$libinit$$0000002C)
    .ARM.Collect$$libinit$$0000002E          0x08000152   Section        0  libinit2.o(.ARM.Collect$$libinit$$0000002E)
    .ARM.Collect$$libinit$$00000030          0x08000152   Section        0  libinit2.o(.ARM.Collect$$libinit$$00000030)
    .ARM.Collect$$libinit$$00000032          0x08000152   Section        0  libinit2.o(.ARM.Collect$$libinit$$00000032)
    .ARM.Collect$$libinit$$00000033          0x08000152   Section        2  libinit2.o(.ARM.Collect$$libinit$$00000033)
    .ARM.Collect$$libshutdown$$00000000      0x08000154   Section        2  libshutdown.o(.ARM.Collect$$libshutdown$$00000000)
    .ARM.Collect$$libshutdown$$00000002      0x08000156   Section        0  libshutdown2.o(.ARM.Collect$$libshutdown$$00000002)
    .ARM.Collect$$libshutdown$$00000004      0x08000156   Section        0  libshutdown2.o(.ARM.Collect$$libshutdown$$00000004)
    .ARM.Collect$$libshutdown$$00000006      0x08000156   Section        0  libshutdown2.o(.ARM.Collect$$libshutdown$$00000006)
    .ARM.Collect$$libshutdown$$00000009      0x08000156   Section        0  libshutdown2.o(.ARM.Collect$$libshutdown$$00000009)
    .ARM.Collect$$libshutdown$$0000000C      0x08000156   Section        0  libshutdown2.o(.ARM.Collect$$libshutdown$$0000000C)
    .ARM.Collect$$libshutdown$$0000000E      0x08000156   Section        0  libshutdown2.o(.ARM.Collect$$libshutdown$$0000000E)
    .ARM.Collect$$libshutdown$$00000011      0x08000156   Section        0  libshutdown2.o(.ARM.Collect$$libshutdown$$00000011)
    .ARM.Collect$$libshutdown$$00000012      0x08000156   Section        2  libshutdown2.o(.ARM.Collect$$libshutdown$$00000012)
    .ARM.Collect$$rtentry$$00000000          0x08000158   Section        0  __rtentry.o(.ARM.Collect$$rtentry$$00000000)
    .ARM.Collect$$rtentry$$00000002          0x08000158   Section        0  __rtentry2.o(.ARM.Collect$$rtentry$$00000002)
    .ARM.Collect$$rtentry$$00000004          0x08000158   Section        6  __rtentry4.o(.ARM.Collect$$rtentry$$00000004)
    .ARM.Collect$$rtentry$$00000009          0x0800015e   Section        0  __rtentry2.o(.ARM.Collect$$rtentry$$00000009)
    .ARM.Collect$$rtentry$$0000000A          0x0800015e   Section        4  __rtentry2.o(.ARM.Collect$$rtentry$$0000000A)
    .ARM.Collect$$rtentry$$0000000C          0x08000162   Section        0  __rtentry2.o(.ARM.Collect$$rtentry$$0000000C)
    .ARM.Collect$$rtentry$$0000000D          0x08000162   Section        8  __rtentry2.o(.ARM.Collect$$rtentry$$0000000D)
    .ARM.Collect$$rtexit$$00000000           0x0800016a   Section        2  rtexit.o(.ARM.Collect$$rtexit$$00000000)
    .ARM.Collect$$rtexit$$00000002           0x0800016c   Section        0  rtexit2.o(.ARM.Collect$$rtexit$$00000002)
    .ARM.Collect$$rtexit$$00000003           0x0800016c   Section        4  rtexit2.o(.ARM.Collect$$rtexit$$00000003)
    .ARM.Collect$$rtexit$$00000004           0x08000170   Section        6  rtexit2.o(.ARM.Collect$$rtexit$$00000004)
    .emb_text                                0x08000178   Section       56  rt_memcpy.o(.emb_text)
    .text                                    0x080001b0   Section       52  startup_stm32f030x8.o(.text)
    .text                                    0x080001e4   Section        0  lludiv.o(.text)
    .text                                    0x080002e8   Section        0  noretval__2snprintf.o(.text)
    .text                                    0x08000320   Section        0  __printf_wp.o(.text)
    .text                                    0x08000430   Section        0  strcpy.o(.text)
    .text                                    0x0800047c   Section        0  strcat.o(.text)
    .text                                    0x08000494   Section        0  rt_memcpy.o(.text)
    .text                                    0x08000516   Section        0  aeabi_memset.o(.text)
    .text                                    0x08000528   Section        0  rt_memclr.o(.text)
    .text                                    0x08000568   Section      346  aeabi_sdiv.o(.text)
    .text                                    0x080006c2   Section        0  heapauxi.o(.text)
    .text                                    0x080006c8   Section        0  d2f.o(.text)
    .text                                    0x08000744   Section        0  dmul.o(.text)
    .text                                    0x0800098c   Section        0  dscalbn.o(.text)
    .text                                    0x080009ec   Section        0  f2d.o(.text)
    .text                                    0x08000a40   Section        0  fdiv.o(.text)
    .text                                    0x08000ba0   Section        0  fflti.o(.text)
    .text                                    0x08000c00   Section        0  fscalbn.o(.text)
    .text                                    0x08000c44   Section        0  _printf_fp_dec.o(.text)
    _fp_digits                               0x08000c47   Thumb Code   412  _printf_fp_dec.o(.text)
    .text                                    0x0800105c   Section        0  _printf_char_common.o(.text)
    _printf_input_char                       0x0800105d   Thumb Code    10  _printf_char_common.o(.text)
    .text                                    0x0800108c   Section        0  _sputc.o(.text)
    .text                                    0x08001096   Section        0  _snputc.o(.text)
    .text                                    0x080010a6   Section        0  rtudiv10.o(.text)
    .text                                    0x080010d0   Section        8  rt_locale_intlibspace.o(.text)
    .text                                    0x080010d8   Section        0  lludiv10.o(.text)
    .text                                    0x08001154   Section        0  _printf_fp_infnan.o(.text)
    .text                                    0x080011dc   Section        0  bigflt0.o(.text)
    .text                                    0x080012b4   Section        0  btod.o(.text)
    btod_internal_mul                        0x080012f5   Thumb Code   492  btod.o(.text)
    btod_internal_div                        0x080014e1   Thumb Code   520  btod.o(.text)
    .text                                    0x08001834   Section        8  libspace.o(.text)
    .text                                    0x0800183c   Section       62  sys_stackheap_outer.o(.text)
    .text                                    0x0800187a   Section        0  exit.o(.text)
    .text                                    0x0800188c   Section        0  strcmp.o(.text)
    .text                                    0x08001914   Section        0  sys_exit.o(.text)
    .text                                    0x08001920   Section        2  use_no_semi.o(.text)
    .text                                    0x08001922   Section        0  indicate_semi.o(.text)
    i.ADC_DMAConvCplt                        0x08001922   Section        0  stm32f0xx_hal_adc.o(i.ADC_DMAConvCplt)
    ADC_DMAConvCplt                          0x08001923   Thumb Code   108  stm32f0xx_hal_adc.o(i.ADC_DMAConvCplt)
    i.ADC_DMAError                           0x0800198e   Section        0  stm32f0xx_hal_adc.o(i.ADC_DMAError)
    ADC_DMAError                             0x0800198f   Thumb Code    26  stm32f0xx_hal_adc.o(i.ADC_DMAError)
    i.ADC_DMAHalfConvCplt                    0x080019a8   Section        0  stm32f0xx_hal_adc.o(i.ADC_DMAHalfConvCplt)
    ADC_DMAHalfConvCplt                      0x080019a9   Thumb Code    10  stm32f0xx_hal_adc.o(i.ADC_DMAHalfConvCplt)
    i.ADC_Enable                             0x080019b4   Section        0  stm32f0xx_hal_adc.o(i.ADC_Enable)
    ADC_Enable                               0x080019b5   Thumb Code   130  stm32f0xx_hal_adc.o(i.ADC_Enable)
    i.CI24R1_Init                            0x08001a44   Section        0  ci24r1.o(i.CI24R1_Init)
    i.CI24R1_ReadACKPload                    0x08001a98   Section        0  ci24r1.o(i.CI24R1_ReadACKPload)
    i.CI24R1_ReadByte                        0x08001ab8   Section        0  ci24r1.o(i.CI24R1_ReadByte)
    i.CI24R1_ReadReg                         0x08001af8   Section        0  ci24r1.o(i.CI24R1_ReadReg)
    i.CI24R1_ReadStatus                      0x08001b14   Section        0  ci24r1.o(i.CI24R1_ReadStatus)
    i.CI24R1_ReadToBuf                       0x08001b20   Section        0  ci24r1.o(i.CI24R1_ReadToBuf)
    i.CI24R1_SPI_Test                        0x08001b4c   Section        0  ci24r1.o(i.CI24R1_SPI_Test)
    i.CI24R1_SetChannel                      0x08001b9c   Section        0  ci24r1.o(i.CI24R1_SetChannel)
    i.CI24R1_SetRxAddress                    0x08001bae   Section        0  ci24r1.o(i.CI24R1_SetRxAddress)
    i.CI24R1_SetTxAddress                    0x08001bc8   Section        0  ci24r1.o(i.CI24R1_SetTxAddress)
    i.CI24R1_SetTxMode                       0x08001be2   Section        0  ci24r1.o(i.CI24R1_SetTxMode)
    i.CI24R1_Tx                              0x08001bf8   Section        0  ci24r1.o(i.CI24R1_Tx)
    i.CI24R1_WriteByte                       0x08001c58   Section        0  ci24r1.o(i.CI24R1_WriteByte)
    i.CI24R1_WriteCmd                        0x08001c98   Section        0  ci24r1.o(i.CI24R1_WriteCmd)
    i.CI24R1_WriteFromBuf                    0x08001cb0   Section        0  ci24r1.o(i.CI24R1_WriteFromBuf)
    i.CI24R1_WriteReg                        0x08001ce0   Section        0  ci24r1.o(i.CI24R1_WriteReg)
    i.DMA1_Channel1_IRQHandler               0x08001d00   Section        0  stm32f0xx_it.o(i.DMA1_Channel1_IRQHandler)
    i.DMA_CalcBaseAndBitshift                0x08001d10   Section        0  stm32f0xx_hal_dma.o(i.DMA_CalcBaseAndBitshift)
    DMA_CalcBaseAndBitshift                  0x08001d11   Thumb Code    26  stm32f0xx_hal_dma.o(i.DMA_CalcBaseAndBitshift)
    i.DMA_SetConfig                          0x08001d34   Section        0  stm32f0xx_hal_dma.o(i.DMA_SetConfig)
    DMA_SetConfig                            0x08001d35   Thumb Code    40  stm32f0xx_hal_dma.o(i.DMA_SetConfig)
    i.Error_Handler                          0x08001d5c   Section        0  main.o(i.Error_Handler)
    i.HAL_ADCEx_Calibration_Start            0x08001d60   Section        0  stm32f0xx_hal_adc_ex.o(i.HAL_ADCEx_Calibration_Start)
    i.HAL_ADC_ConfigChannel                  0x08001e18   Section        0  stm32f0xx_hal_adc.o(i.HAL_ADC_ConfigChannel)
    i.HAL_ADC_ConvCpltCallback               0x08001f28   Section        0  stm32f0xx_hal_adc.o(i.HAL_ADC_ConvCpltCallback)
    i.HAL_ADC_ConvHalfCpltCallback           0x08001f2a   Section        0  stm32f0xx_hal_adc.o(i.HAL_ADC_ConvHalfCpltCallback)
    i.HAL_ADC_ErrorCallback                  0x08001f2c   Section        0  stm32f0xx_hal_adc.o(i.HAL_ADC_ErrorCallback)
    i.HAL_ADC_Init                           0x08001f30   Section        0  stm32f0xx_hal_adc.o(i.HAL_ADC_Init)
    i.HAL_ADC_MspInit                        0x080020a8   Section        0  stm32f0xx_hal_msp.o(i.HAL_ADC_MspInit)
    i.HAL_ADC_Start_DMA                      0x08002150   Section        0  stm32f0xx_hal_adc.o(i.HAL_ADC_Start_DMA)
    i.HAL_DMA_IRQHandler                     0x080021f0   Section        0  stm32f0xx_hal_dma.o(i.HAL_DMA_IRQHandler)
    i.HAL_DMA_Init                           0x0800228c   Section        0  stm32f0xx_hal_dma.o(i.HAL_DMA_Init)
    i.HAL_DMA_Start_IT                       0x080022e0   Section        0  stm32f0xx_hal_dma.o(i.HAL_DMA_Start_IT)
    i.HAL_Delay                              0x0800234c   Section        0  stm32f0xx_hal.o(i.HAL_Delay)
    i.HAL_GPIO_Init                          0x08002370   Section        0  stm32f0xx_hal_gpio.o(i.HAL_GPIO_Init)
    i.HAL_GPIO_WritePin                      0x08002514   Section        0  stm32f0xx_hal_gpio.o(i.HAL_GPIO_WritePin)
    i.HAL_GetTick                            0x08002520   Section        0  stm32f0xx_hal.o(i.HAL_GetTick)
    i.HAL_I2CEx_ConfigAnalogFilter           0x0800252c   Section        0  stm32f0xx_hal_i2c_ex.o(i.HAL_I2CEx_ConfigAnalogFilter)
    i.HAL_I2CEx_ConfigDigitalFilter          0x08002576   Section        0  stm32f0xx_hal_i2c_ex.o(i.HAL_I2CEx_ConfigDigitalFilter)
    i.HAL_I2C_Init                           0x080025c0   Section        0  stm32f0xx_hal_i2c.o(i.HAL_I2C_Init)
    i.HAL_I2C_Master_Transmit                0x08002674   Section        0  stm32f0xx_hal_i2c.o(i.HAL_I2C_Master_Transmit)
    i.HAL_I2C_MspInit                        0x08002784   Section        0  stm32f0xx_hal_msp.o(i.HAL_I2C_MspInit)
    i.HAL_IncTick                            0x080027e8   Section        0  stm32f0xx_hal.o(i.HAL_IncTick)
    i.HAL_Init                               0x080027f8   Section        0  stm32f0xx_hal.o(i.HAL_Init)
    i.HAL_InitTick                           0x08002818   Section        0  stm32f0xx_hal.o(i.HAL_InitTick)
    i.HAL_MspInit                            0x0800285c   Section        0  stm32f0xx_hal_msp.o(i.HAL_MspInit)
    i.HAL_NVIC_EnableIRQ                     0x08002884   Section        0  stm32f0xx_hal_cortex.o(i.HAL_NVIC_EnableIRQ)
    i.HAL_NVIC_SetPriority                   0x0800289c   Section        0  stm32f0xx_hal_cortex.o(i.HAL_NVIC_SetPriority)
    i.HAL_RCCEx_PeriphCLKConfig              0x080028a4   Section        0  stm32f0xx_hal_rcc_ex.o(i.HAL_RCCEx_PeriphCLKConfig)
    i.HAL_RCC_ClockConfig                    0x0800298c   Section        0  stm32f0xx_hal_rcc.o(i.HAL_RCC_ClockConfig)
    i.HAL_RCC_GetSysClockFreq                0x08002a94   Section        0  stm32f0xx_hal_rcc.o(i.HAL_RCC_GetSysClockFreq)
    i.HAL_RCC_OscConfig                      0x08002b14   Section        0  stm32f0xx_hal_rcc.o(i.HAL_RCC_OscConfig)
    i.HAL_SYSTICK_Config                     0x08002e9c   Section        0  stm32f0xx_hal_cortex.o(i.HAL_SYSTICK_Config)
    i.HAL_TIMEx_BreakCallback                0x08002ecc   Section        0  stm32f0xx_hal_tim_ex.o(i.HAL_TIMEx_BreakCallback)
    i.HAL_TIMEx_CommutCallback               0x08002ece   Section        0  stm32f0xx_hal_tim_ex.o(i.HAL_TIMEx_CommutCallback)
    i.HAL_TIM_Base_Init                      0x08002ed0   Section        0  stm32f0xx_hal_tim.o(i.HAL_TIM_Base_Init)
    i.HAL_TIM_Base_MspInit                   0x08002f18   Section        0  stm32f0xx_hal_msp.o(i.HAL_TIM_Base_MspInit)
    i.HAL_TIM_Base_Start_IT                  0x08002f50   Section        0  stm32f0xx_hal_tim.o(i.HAL_TIM_Base_Start_IT)
    i.HAL_TIM_IC_CaptureCallback             0x08002fa0   Section        0  stm32f0xx_hal_tim.o(i.HAL_TIM_IC_CaptureCallback)
    i.HAL_TIM_IRQHandler                     0x08002fa2   Section        0  stm32f0xx_hal_tim.o(i.HAL_TIM_IRQHandler)
    i.HAL_TIM_OC_DelayElapsedCallback        0x08003104   Section        0  stm32f0xx_hal_tim.o(i.HAL_TIM_OC_DelayElapsedCallback)
    i.HAL_TIM_PWM_PulseFinishedCallback      0x08003106   Section        0  stm32f0xx_hal_tim.o(i.HAL_TIM_PWM_PulseFinishedCallback)
    i.HAL_TIM_PeriodElapsedCallback          0x08003108   Section        0  stm32f0xx_hal_tim.o(i.HAL_TIM_PeriodElapsedCallback)
    i.HAL_TIM_TriggerCallback                0x0800310a   Section        0  stm32f0xx_hal_tim.o(i.HAL_TIM_TriggerCallback)
    i.HardFault_Handler                      0x0800310c   Section        0  stm32f0xx_it.o(i.HardFault_Handler)
    i.I2C_Flush_TXDR                         0x0800310e   Section        0  stm32f0xx_hal_i2c.o(i.I2C_Flush_TXDR)
    I2C_Flush_TXDR                           0x0800310f   Thumb Code    34  stm32f0xx_hal_i2c.o(i.I2C_Flush_TXDR)
    i.I2C_IsAcknowledgeFailed                0x08003130   Section        0  stm32f0xx_hal_i2c.o(i.I2C_IsAcknowledgeFailed)
    I2C_IsAcknowledgeFailed                  0x08003131   Thumb Code   130  stm32f0xx_hal_i2c.o(i.I2C_IsAcknowledgeFailed)
    i.I2C_TransferConfig                     0x080031b8   Section        0  stm32f0xx_hal_i2c.o(i.I2C_TransferConfig)
    I2C_TransferConfig                       0x080031b9   Thumb Code    34  stm32f0xx_hal_i2c.o(i.I2C_TransferConfig)
    i.I2C_WaitOnFlagUntilTimeout             0x080031e0   Section        0  stm32f0xx_hal_i2c.o(i.I2C_WaitOnFlagUntilTimeout)
    I2C_WaitOnFlagUntilTimeout               0x080031e1   Thumb Code    78  stm32f0xx_hal_i2c.o(i.I2C_WaitOnFlagUntilTimeout)
    i.I2C_WaitOnSTOPFlagUntilTimeout         0x0800322e   Section        0  stm32f0xx_hal_i2c.o(i.I2C_WaitOnSTOPFlagUntilTimeout)
    I2C_WaitOnSTOPFlagUntilTimeout           0x0800322f   Thumb Code    76  stm32f0xx_hal_i2c.o(i.I2C_WaitOnSTOPFlagUntilTimeout)
    i.I2C_WaitOnTXISFlagUntilTimeout         0x0800327a   Section        0  stm32f0xx_hal_i2c.o(i.I2C_WaitOnTXISFlagUntilTimeout)
    I2C_WaitOnTXISFlagUntilTimeout           0x0800327b   Thumb Code    80  stm32f0xx_hal_i2c.o(i.I2C_WaitOnTXISFlagUntilTimeout)
    i.I2C_WriteByte                          0x080032cc   Section        0  oled_i2c.o(i.I2C_WriteByte)
    i.MX_ADC_Init                            0x080032f0   Section        0  main.o(i.MX_ADC_Init)
    MX_ADC_Init                              0x080032f1   Thumb Code   254  main.o(i.MX_ADC_Init)
    i.MX_GPIO_Init                           0x080033f8   Section        0  main.o(i.MX_GPIO_Init)
    MX_GPIO_Init                             0x080033f9   Thumb Code   194  main.o(i.MX_GPIO_Init)
    i.MX_I2C1_Init                           0x080034c4   Section        0  main.o(i.MX_I2C1_Init)
    MX_I2C1_Init                             0x080034c5   Thumb Code    76  main.o(i.MX_I2C1_Init)
    i.NMI_Handler                            0x0800351c   Section        0  stm32f0xx_it.o(i.NMI_Handler)
    i.OLED_Fill                              0x0800351e   Section        0  oled_i2c.o(i.OLED_Fill)
    i.OLED_Init                              0x08003554   Section        0  oled_i2c.o(i.OLED_Init)
    i.OLED_SetPos                            0x08003606   Section        0  oled_i2c.o(i.OLED_SetPos)
    i.OLED_ShowStr                           0x08003628   Section        0  oled_i2c.o(i.OLED_ShowStr)
    i.PendSV_Handler                         0x080036ec   Section        0  stm32f0xx_it.o(i.PendSV_Handler)
    i.SEGGER_RTT_Write                       0x080036f0   Section        0  segger_rtt.o(i.SEGGER_RTT_Write)
    i.SEGGER_RTT_WriteNoLock                 0x08003724   Section        0  segger_rtt.o(i.SEGGER_RTT_WriteNoLock)
    i.SEGGER_RTT_printf                      0x08003780   Section        0  segger_rtt_printf.o(i.SEGGER_RTT_printf)
    i.SEGGER_RTT_vprintf                     0x08003798   Section        0  segger_rtt_printf.o(i.SEGGER_RTT_vprintf)
    i.SVC_Handler                            0x0800392c   Section        0  stm32f0xx_it.o(i.SVC_Handler)
    i.SysTick_Handler                        0x0800392e   Section        0  stm32f0xx_it.o(i.SysTick_Handler)
    i.SystemClock_Config                     0x08003936   Section        0  main.o(i.SystemClock_Config)
    i.SystemInit                             0x080039b2   Section        0  system_stm32f0xx.o(i.SystemInit)
    i.TIM16_IRQHandler                       0x080039b4   Section        0  stm32f0xx_it.o(i.TIM16_IRQHandler)
    i.TIM_Base_SetConfig                     0x080039c8   Section        0  stm32f0xx_hal_tim.o(i.TIM_Base_SetConfig)
    i.WriteCmd                               0x08003a50   Section        0  oled_i2c.o(i.WriteCmd)
    i.WriteDat                               0x08003a5c   Section        0  oled_i2c.o(i.WriteDat)
    i._DoInit                                0x08003a68   Section        0  segger_rtt.o(i._DoInit)
    _DoInit                                  0x08003a69   Thumb Code    74  segger_rtt.o(i._DoInit)
    i._GetAvailWriteSpace                    0x08003ad4   Section        0  segger_rtt.o(i._GetAvailWriteSpace)
    _GetAvailWriteSpace                      0x08003ad5   Thumb Code    22  segger_rtt.o(i._GetAvailWriteSpace)
    i._PrintInt                              0x08003aea   Section        0  segger_rtt_printf.o(i._PrintInt)
    _PrintInt                                0x08003aeb   Thumb Code   200  segger_rtt_printf.o(i._PrintInt)
    i._PrintUnsigned                         0x08003bb4   Section        0  segger_rtt_printf.o(i._PrintUnsigned)
    _PrintUnsigned                           0x08003bb5   Thumb Code   210  segger_rtt_printf.o(i._PrintUnsigned)
    i._StoreChar                             0x08003c8c   Section        0  segger_rtt_printf.o(i._StoreChar)
    _StoreChar                               0x08003c8d   Thumb Code    62  segger_rtt_printf.o(i._StoreChar)
    i._WriteBlocking                         0x08003cca   Section        0  segger_rtt.o(i._WriteBlocking)
    _WriteBlocking                           0x08003ccb   Thumb Code    96  segger_rtt.o(i._WriteBlocking)
    i._WriteNoCheck                          0x08003d2a   Section        0  segger_rtt.o(i._WriteNoCheck)
    _WriteNoCheck                            0x08003d2b   Thumb Code    60  segger_rtt.o(i._WriteNoCheck)
    i.__ARM_common_ll_muluu                  0x08003d66   Section        0  stm32f0xx_hal_rcc.o(i.__ARM_common_ll_muluu)
    i.__ARM_fpclassify                       0x08003d98   Section        0  fpclassify.o(i.__ARM_fpclassify)
    i.__NVIC_SetPriority                     0x08003dc4   Section        0  stm32f0xx_hal_cortex.o(i.__NVIC_SetPriority)
    __NVIC_SetPriority                       0x08003dc5   Thumb Code    60  stm32f0xx_hal_cortex.o(i.__NVIC_SetPriority)
    i._is_digit                              0x08003e08   Section        0  __printf_wp.o(i._is_digit)
    i.adc_get_val                            0x08003e18   Section        0  main.o(i.adc_get_val)
    i.gui_init                               0x08003e40   Section        0  gui.o(i.gui_init)
    i.main                                   0x08003e50   Section        0  main.o(i.main)
    i.show_rx_limit                          0x08003fec   Section        0  gui.o(i.show_rx_limit)
    i.show_rx_vcc                            0x08004078   Section        0  gui.o(i.show_rx_vcc)
    i.show_tx_vcc                            0x080040d8   Section        0  gui.o(i.show_tx_vcc)
    i.tim_working                            0x08004160   Section        0  main.o(i.tim_working)
    locale$$code                             0x080041e8   Section       44  lc_numeric_c.o(locale$$code)
    x$fpl$printf1                            0x08004214   Section       16  printf1.o(x$fpl$printf1)
    .constdata                               0x08004224   Section      552  codetab.o(.constdata)
    x$fpl$usenofp                            0x08004224   Section        0  usenofp.o(x$fpl$usenofp)
    .constdata                               0x0800444c   Section     1520  codetab.o(.constdata)
    .constdata                               0x08004a3c   Section       16  segger_rtt_printf.o(.constdata)
    _aV2C                                    0x08004a3c   Data          16  segger_rtt_printf.o(.constdata)
    .constdata                               0x08004a4c   Section       16  system_stm32f0xx.o(.constdata)
    .constdata                               0x08004a5c   Section       64  fdiv.o(.constdata)
    fdiv_tab                                 0x08004a5c   Data          64  fdiv.o(.constdata)
    .constdata                               0x08004a9c   Section      148  bigflt0.o(.constdata)
    tenpwrs_x                                0x08004a9c   Data          60  bigflt0.o(.constdata)
    tenpwrs_i                                0x08004ad8   Data          64  bigflt0.o(.constdata)
    locale$$data                             0x08004b50   Section       28  lc_numeric_c.o(locale$$data)
    __lcnum_c_name                           0x08004b54   Data           2  lc_numeric_c.o(locale$$data)
    __lcnum_c_start                          0x08004b5c   Data           0  lc_numeric_c.o(locale$$data)
    __lcnum_c_point                          0x08004b68   Data           0  lc_numeric_c.o(locale$$data)
    __lcnum_c_thousands                      0x08004b6a   Data           0  lc_numeric_c.o(locale$$data)
    __lcnum_c_grouping                       0x08004b6b   Data           0  lc_numeric_c.o(locale$$data)
    __lcnum_c_end                            0x08004b6c   Data           0  lc_numeric_c.o(locale$$data)
    .data                                    0x20000000   Section       18  main.o(.data)
    timelast                                 0x20000004   Data           4  main.o(.data)
    .data                                    0x20000012   Section       12  gui.o(.data)
    advallast                                0x20000012   Data           1  gui.o(.data)
    advallast                                0x20000013   Data           1  gui.o(.data)
    advallast                                0x20000014   Data           1  gui.o(.data)
    limitlast                                0x20000015   Data           1  gui.o(.data)
    .data                                    0x20000020   Section       12  stm32f0xx_hal.o(.data)
    .data                                    0x2000002c   Section        4  system_stm32f0xx.o(.data)
    .bss                                     0x20000030   Section      324  main.o(.bss)
    .bss                                     0x20000174   Section       68  main.o(.bss)
    .bss                                     0x200001b8   Section     1208  segger_rtt.o(.bss)
    _acUpBuffer                              0x20000260   Data        1024  segger_rtt.o(.bss)
    _acDownBuffer                            0x20000660   Data          16  segger_rtt.o(.bss)
    .bss                                     0x20000670   Section       96  libspace.o(.bss)
    HEAP                                     0x200006d0   Section        0  startup_stm32f030x8.o(HEAP)
    STACK                                    0x200006d0   Section     1024  startup_stm32f030x8.o(STACK)
    Heap_Mem                                 0x200006d0   Data           0  startup_stm32f030x8.o(HEAP)
    Stack_Mem                                0x200006d0   Data        1024  startup_stm32f030x8.o(STACK)
    __initial_sp                             0x20000ad0   Data           0  startup_stm32f030x8.o(STACK)

    Global Symbols

    Symbol Name                              Value     Ov Type        Size  Object(Section)

    BuildAttributes$$THM_ISAv3M$S$PE$A:L22$X:L11$S22$IEEE1$IW$USESV6$~STKCKD$USESV7$~SHL$OTIME$ROPI$IEEEJ$EBA8$UX$STANDARDLIB$REQ8$PRES8$EABIv2 0x00000000   Number         0  anon$$obj.o ABSOLUTE
    __ARM_use_no_argv                        0x00000000   Number         0  main.o ABSOLUTE
    _printf_flags                            0x00000000   Number         0  printf_stubs.o ABSOLUTE
    _printf_return_value                     0x00000000   Number         0  printf_stubs.o ABSOLUTE
    _printf_sizespec                         0x00000000   Number         0  printf_stubs.o ABSOLUTE
    _printf_widthprec                        0x00000000   Number         0  printf_stubs.o ABSOLUTE
    __ARM_exceptions_init                     - Undefined Weak Reference
    __alloca_initialize                       - Undefined Weak Reference
    __arm_fini_                               - Undefined Weak Reference
    __arm_preinit_                            - Undefined Weak Reference
    __cpp_initialize__aeabi_                  - Undefined Weak Reference
    __cxa_finalize                            - Undefined Weak Reference
    __sigvec_lookup                           - Undefined Weak Reference
    _atexit_init                              - Undefined Weak Reference
    _call_atexit_fns                          - Undefined Weak Reference
    _clock_init                               - Undefined Weak Reference
    _fp_trap_init                             - Undefined Weak Reference
    _fp_trap_shutdown                         - Undefined Weak Reference
    _get_lc_collate                           - Undefined Weak Reference
    _get_lc_ctype                             - Undefined Weak Reference
    _get_lc_monetary                          - Undefined Weak Reference
    _get_lc_time                              - Undefined Weak Reference
    _getenv_init                              - Undefined Weak Reference
    _handle_redirection                       - Undefined Weak Reference
    _init_alloc                               - Undefined Weak Reference
    _init_user_alloc                          - Undefined Weak Reference
    _initio                                   - Undefined Weak Reference
    _printf_truncate_signed                   - Undefined Weak Reference
    _printf_truncate_unsigned                 - Undefined Weak Reference
    _rand_init                                - Undefined Weak Reference
    _signal_finish                            - Undefined Weak Reference
    _signal_init                              - Undefined Weak Reference
    _terminate_alloc                          - Undefined Weak Reference
    _terminate_user_alloc                     - Undefined Weak Reference
    _terminateio                              - Undefined Weak Reference
    __Vectors_Size                           0x000000b4   Number         0  startup_stm32f030x8.o ABSOLUTE
    __Vectors                                0x08000000   Data           4  startup_stm32f030x8.o(RESET)
    __Vectors_End                            0x080000b4   Data           0  startup_stm32f030x8.o(RESET)
    __main                                   0x080000b5   Thumb Code     8  __main.o(!!!main)
    __scatterload                            0x080000bd   Thumb Code     0  __scatter.o(!!!scatter)
    __scatterload_rt2                        0x080000bd   Thumb Code    52  __scatter.o(!!!scatter)
    __scatterload_rt2_thumb_only             0x080000bd   Thumb Code     0  __scatter.o(!!!scatter)
    __scatterload_null                       0x080000cd   Thumb Code     0  __scatter.o(!!!scatter)
    __scatterload_copy                       0x080000f9   Thumb Code    26  __scatter_copy.o(!!handler_copy)
    __scatterload_zeroinit                   0x08000115   Thumb Code    28  __scatter_zi.o(!!handler_zi)
    _printf_percent                          0x08000131   Thumb Code     0  _printf_percent.o(.ARM.Collect$$_printf_percent$$00000000)
    _printf_f                                0x08000133   Thumb Code     0  _printf_f.o(.ARM.Collect$$_printf_percent$$00000003)
    _printf_percent_end                      0x0800013d   Thumb Code     0  _printf_percent_end.o(.ARM.Collect$$_printf_percent$$00000017)
    __rt_lib_init                            0x08000141   Thumb Code     0  libinit.o(.ARM.Collect$$libinit$$00000000)
    __rt_lib_init_fp_1                       0x08000143   Thumb Code     0  libinit2.o(.ARM.Collect$$libinit$$00000002)
    __rt_lib_init_heap_1                     0x08000143   Thumb Code     0  libinit2.o(.ARM.Collect$$libinit$$0000000A)
    __rt_lib_init_lc_common                  0x08000143   Thumb Code     0  libinit2.o(.ARM.Collect$$libinit$$0000000F)
    __rt_lib_init_preinit_1                  0x08000143   Thumb Code     0  libinit2.o(.ARM.Collect$$libinit$$00000004)
    __rt_lib_init_rand_1                     0x08000143   Thumb Code     0  libinit2.o(.ARM.Collect$$libinit$$0000000E)
    __rt_lib_init_user_alloc_1               0x08000143   Thumb Code     0  libinit2.o(.ARM.Collect$$libinit$$0000000C)
    __rt_lib_init_lc_collate_1               0x08000149   Thumb Code     0  libinit2.o(.ARM.Collect$$libinit$$00000011)
    __rt_lib_init_lc_ctype_1                 0x08000149   Thumb Code     0  libinit2.o(.ARM.Collect$$libinit$$00000013)
    __rt_lib_init_lc_monetary_1              0x08000149   Thumb Code     0  libinit2.o(.ARM.Collect$$libinit$$00000015)
    __rt_lib_init_lc_numeric_2               0x08000149   Thumb Code     0  libinit2.o(.ARM.Collect$$libinit$$00000016)
    __rt_lib_init_alloca_1                   0x08000153   Thumb Code     0  libinit2.o(.ARM.Collect$$libinit$$0000002E)
    __rt_lib_init_argv_1                     0x08000153   Thumb Code     0  libinit2.o(.ARM.Collect$$libinit$$0000002C)
    __rt_lib_init_atexit_1                   0x08000153   Thumb Code     0  libinit2.o(.ARM.Collect$$libinit$$0000001B)
    __rt_lib_init_clock_1                    0x08000153   Thumb Code     0  libinit2.o(.ARM.Collect$$libinit$$00000021)
    __rt_lib_init_cpp_1                      0x08000153   Thumb Code     0  libinit2.o(.ARM.Collect$$libinit$$00000032)
    __rt_lib_init_exceptions_1               0x08000153   Thumb Code     0  libinit2.o(.ARM.Collect$$libinit$$00000030)
    __rt_lib_init_fp_trap_1                  0x08000153   Thumb Code     0  libinit2.o(.ARM.Collect$$libinit$$0000001F)
    __rt_lib_init_getenv_1                   0x08000153   Thumb Code     0  libinit2.o(.ARM.Collect$$libinit$$00000023)
    __rt_lib_init_lc_numeric_1               0x08000153   Thumb Code     0  libinit2.o(.ARM.Collect$$libinit$$00000017)
    __rt_lib_init_lc_time_1                  0x08000153   Thumb Code     0  libinit2.o(.ARM.Collect$$libinit$$00000019)
    __rt_lib_init_return                     0x08000153   Thumb Code     0  libinit2.o(.ARM.Collect$$libinit$$00000033)
    __rt_lib_init_signal_1                   0x08000153   Thumb Code     0  libinit2.o(.ARM.Collect$$libinit$$0000001D)
    __rt_lib_init_stdio_1                    0x08000153   Thumb Code     0  libinit2.o(.ARM.Collect$$libinit$$00000025)
    __rt_lib_shutdown                        0x08000155   Thumb Code     0  libshutdown.o(.ARM.Collect$$libshutdown$$00000000)
    __rt_lib_shutdown_cpp_1                  0x08000157   Thumb Code     0  libshutdown2.o(.ARM.Collect$$libshutdown$$00000004)
    __rt_lib_shutdown_fini_1                 0x08000157   Thumb Code     0  libshutdown2.o(.ARM.Collect$$libshutdown$$00000002)
    __rt_lib_shutdown_fp_trap_1              0x08000157   Thumb Code     0  libshutdown2.o(.ARM.Collect$$libshutdown$$00000009)
    __rt_lib_shutdown_heap_1                 0x08000157   Thumb Code     0  libshutdown2.o(.ARM.Collect$$libshutdown$$00000011)
    __rt_lib_shutdown_return                 0x08000157   Thumb Code     0  libshutdown2.o(.ARM.Collect$$libshutdown$$00000012)
    __rt_lib_shutdown_signal_1               0x08000157   Thumb Code     0  libshutdown2.o(.ARM.Collect$$libshutdown$$0000000C)
    __rt_lib_shutdown_stdio_1                0x08000157   Thumb Code     0  libshutdown2.o(.ARM.Collect$$libshutdown$$00000006)
    __rt_lib_shutdown_user_alloc_1           0x08000157   Thumb Code     0  libshutdown2.o(.ARM.Collect$$libshutdown$$0000000E)
    __rt_entry                               0x08000159   Thumb Code     0  __rtentry.o(.ARM.Collect$$rtentry$$00000000)
    __rt_entry_presh_1                       0x08000159   Thumb Code     0  __rtentry2.o(.ARM.Collect$$rtentry$$00000002)
    __rt_entry_sh                            0x08000159   Thumb Code     0  __rtentry4.o(.ARM.Collect$$rtentry$$00000004)
    __rt_entry_li                            0x0800015f   Thumb Code     0  __rtentry2.o(.ARM.Collect$$rtentry$$0000000A)
    __rt_entry_postsh_1                      0x0800015f   Thumb Code     0  __rtentry2.o(.ARM.Collect$$rtentry$$00000009)
    __rt_entry_main                          0x08000163   Thumb Code     0  __rtentry2.o(.ARM.Collect$$rtentry$$0000000D)
    __rt_entry_postli_1                      0x08000163   Thumb Code     0  __rtentry2.o(.ARM.Collect$$rtentry$$0000000C)
    __rt_exit                                0x0800016b   Thumb Code     0  rtexit.o(.ARM.Collect$$rtexit$$00000000)
    __rt_exit_ls                             0x0800016d   Thumb Code     0  rtexit2.o(.ARM.Collect$$rtexit$$00000003)
    __rt_exit_prels_1                        0x0800016d   Thumb Code     0  rtexit2.o(.ARM.Collect$$rtexit$$00000002)
    __rt_exit_exit                           0x08000171   Thumb Code     0  rtexit2.o(.ARM.Collect$$rtexit$$00000004)
    __aeabi_memcpy4                          0x08000179   Thumb Code    56  rt_memcpy.o(.emb_text)
    __aeabi_memcpy8                          0x08000179   Thumb Code     0  rt_memcpy.o(.emb_text)
    Reset_Handler                            0x080001b1   Thumb Code     8  startup_stm32f030x8.o(.text)
    ADC1_IRQHandler                          0x080001c3   Thumb Code     0  startup_stm32f030x8.o(.text)
    DMA1_Channel2_3_IRQHandler               0x080001c3   Thumb Code     0  startup_stm32f030x8.o(.text)
    DMA1_Channel4_5_IRQHandler               0x080001c3   Thumb Code     0  startup_stm32f030x8.o(.text)
    EXTI0_1_IRQHandler                       0x080001c3   Thumb Code     0  startup_stm32f030x8.o(.text)
    EXTI2_3_IRQHandler                       0x080001c3   Thumb Code     0  startup_stm32f030x8.o(.text)
    EXTI4_15_IRQHandler                      0x080001c3   Thumb Code     0  startup_stm32f030x8.o(.text)
    FLASH_IRQHandler                         0x080001c3   Thumb Code     0  startup_stm32f030x8.o(.text)
    I2C1_IRQHandler                          0x080001c3   Thumb Code     0  startup_stm32f030x8.o(.text)
    I2C2_IRQHandler                          0x080001c3   Thumb Code     0  startup_stm32f030x8.o(.text)
    RCC_IRQHandler                           0x080001c3   Thumb Code     0  startup_stm32f030x8.o(.text)
    RTC_IRQHandler                           0x080001c3   Thumb Code     0  startup_stm32f030x8.o(.text)
    SPI1_IRQHandler                          0x080001c3   Thumb Code     0  startup_stm32f030x8.o(.text)
    SPI2_IRQHandler                          0x080001c3   Thumb Code     0  startup_stm32f030x8.o(.text)
    TIM14_IRQHandler                         0x080001c3   Thumb Code     0  startup_stm32f030x8.o(.text)
    TIM15_IRQHandler                         0x080001c3   Thumb Code     0  startup_stm32f030x8.o(.text)
    TIM17_IRQHandler                         0x080001c3   Thumb Code     0  startup_stm32f030x8.o(.text)
    TIM1_BRK_UP_TRG_COM_IRQHandler           0x080001c3   Thumb Code     0  startup_stm32f030x8.o(.text)
    TIM1_CC_IRQHandler                       0x080001c3   Thumb Code     0  startup_stm32f030x8.o(.text)
    TIM3_IRQHandler                          0x080001c3   Thumb Code     0  startup_stm32f030x8.o(.text)
    TIM6_IRQHandler                          0x080001c3   Thumb Code     0  startup_stm32f030x8.o(.text)
    USART1_IRQHandler                        0x080001c3   Thumb Code     0  startup_stm32f030x8.o(.text)
    USART2_IRQHandler                        0x080001c3   Thumb Code     0  startup_stm32f030x8.o(.text)
    WWDG_IRQHandler                          0x080001c3   Thumb Code     0  startup_stm32f030x8.o(.text)
    __user_initial_stackheap                 0x080001c5   Thumb Code     0  startup_stm32f030x8.o(.text)
    __aeabi_uldivmod                         0x080001e5   Thumb Code   258  lludiv.o(.text)
    _ll_udiv                                 0x080001e5   Thumb Code     0  lludiv.o(.text)
    __2snprintf                              0x080002e9   Thumb Code    50  noretval__2snprintf.o(.text)
    __printf                                 0x08000321   Thumb Code   270  __printf_wp.o(.text)
    strcpy                                   0x08000431   Thumb Code    70  strcpy.o(.text)
    strcat                                   0x0800047d   Thumb Code    24  strcat.o(.text)
    __aeabi_memcpy                           0x08000495   Thumb Code   130  rt_memcpy.o(.text)
    __rt_memcpy                              0x08000495   Thumb Code     0  rt_memcpy.o(.text)
    __aeabi_memset                           0x08000517   Thumb Code    18  aeabi_memset.o(.text)
    _memset_w                                0x08000529   Thumb Code    26  rt_memclr.o(.text)
    _memset                                  0x08000543   Thumb Code    30  rt_memclr.o(.text)
    __aeabi_memclr                           0x08000561   Thumb Code     4  rt_memclr.o(.text)
    __rt_memclr                              0x08000561   Thumb Code     0  rt_memclr.o(.text)
    __aeabi_memclr4                          0x08000565   Thumb Code     0  rt_memclr.o(.text)
    __aeabi_memclr8                          0x08000565   Thumb Code     0  rt_memclr.o(.text)
    __rt_memclr_w                            0x08000565   Thumb Code     4  rt_memclr.o(.text)
    __aeabi_uidiv                            0x08000569   Thumb Code     0  aeabi_sdiv.o(.text)
    __aeabi_uidivmod                         0x08000569   Thumb Code    20  aeabi_sdiv.o(.text)
    __aeabi_idiv                             0x0800057d   Thumb Code     0  aeabi_sdiv.o(.text)
    __aeabi_idivmod                          0x0800057d   Thumb Code   326  aeabi_sdiv.o(.text)
    __use_two_region_memory                  0x080006c3   Thumb Code     2  heapauxi.o(.text)
    __rt_heap_escrow$2region                 0x080006c5   Thumb Code     2  heapauxi.o(.text)
    __rt_heap_expand$2region                 0x080006c7   Thumb Code     2  heapauxi.o(.text)
    __aeabi_d2f                              0x080006c9   Thumb Code     0  d2f.o(.text)
    _d2f                                     0x080006c9   Thumb Code   120  d2f.o(.text)
    __aeabi_dmul                             0x08000745   Thumb Code     0  dmul.o(.text)
    _dmul                                    0x08000745   Thumb Code   558  dmul.o(.text)
    __ARM_scalbn                             0x0800098d   Thumb Code    84  dscalbn.o(.text)
    __aeabi_f2d                              0x080009ed   Thumb Code     0  f2d.o(.text)
    _f2d                                     0x080009ed   Thumb Code    80  f2d.o(.text)
    __aeabi_fdiv                             0x08000a41   Thumb Code     0  fdiv.o(.text)
    _fdiv                                    0x08000a41   Thumb Code   334  fdiv.o(.text)
    _frdiv                                   0x08000b8f   Thumb Code     8  fdiv.o(.text)
    __aeabi_i2f_normalise                    0x08000ba1   Thumb Code    72  fflti.o(.text)
    __aeabi_i2f                              0x08000be9   Thumb Code    16  fflti.o(.text)
    _fflt                                    0x08000be9   Thumb Code     0  fflti.o(.text)
    __aeabi_ui2f                             0x08000bf9   Thumb Code     6  fflti.o(.text)
    _ffltu                                   0x08000bf9   Thumb Code     0  fflti.o(.text)
    __ARM_scalbnf                            0x08000c01   Thumb Code    64  fscalbn.o(.text)
    __lib_sel_fp_printf                      0x08000c45   Thumb Code     2  _printf_fp_dec.o(.text)
    _printf_fp_dec_real                      0x08000de3   Thumb Code   620  _printf_fp_dec.o(.text)
    _printf_char_common                      0x08001067   Thumb Code    32  _printf_char_common.o(.text)
    _sputc                                   0x0800108d   Thumb Code    10  _sputc.o(.text)
    _snputc                                  0x08001097   Thumb Code    16  _snputc.o(.text)
    __rt_udiv10                              0x080010a7   Thumb Code    40  rtudiv10.o(.text)
    __rt_locale                              0x080010d1   Thumb Code     8  rt_locale_intlibspace.o(.text)
    _ll_udiv10                               0x080010d9   Thumb Code   122  lludiv10.o(.text)
    _printf_fp_infnan                        0x08001155   Thumb Code   120  _printf_fp_infnan.o(.text)
    _btod_etento                             0x080011dd   Thumb Code   210  bigflt0.o(.text)
    _btod_d2e                                0x080012b5   Thumb Code    64  btod.o(.text)
    _btod_emul                               0x080016e9   Thumb Code    28  btod.o(.text)
    _btod_emuld                              0x08001705   Thumb Code   144  btod.o(.text)
    _btod_ediv                               0x08001795   Thumb Code    26  btod.o(.text)
    _btod_edivd                              0x080017af   Thumb Code   124  btod.o(.text)
    __user_libspace                          0x08001835   Thumb Code     8  libspace.o(.text)
    __user_perproc_libspace                  0x08001835   Thumb Code     0  libspace.o(.text)
    __user_perthread_libspace                0x08001835   Thumb Code     0  libspace.o(.text)
    __user_setup_stackheap                   0x0800183d   Thumb Code    62  sys_stackheap_outer.o(.text)
    exit                                     0x0800187b   Thumb Code    16  exit.o(.text)
    strcmp                                   0x0800188d   Thumb Code   132  strcmp.o(.text)
    _sys_exit                                0x08001915   Thumb Code     8  sys_exit.o(.text)
    __I$use$semihosting                      0x08001921   Thumb Code     0  use_no_semi.o(.text)
    __use_no_semihosting_swi                 0x08001921   Thumb Code     2  use_no_semi.o(.text)
    __semihosting_library_function           0x08001923   Thumb Code     0  indicate_semi.o(.text)
    CI24R1_Init                              0x08001a45   Thumb Code    84  ci24r1.o(i.CI24R1_Init)
    CI24R1_ReadACKPload                      0x08001a99   Thumb Code    30  ci24r1.o(i.CI24R1_ReadACKPload)
    CI24R1_ReadByte                          0x08001ab9   Thumb Code    58  ci24r1.o(i.CI24R1_ReadByte)
    CI24R1_ReadReg                           0x08001af9   Thumb Code    22  ci24r1.o(i.CI24R1_ReadReg)
    CI24R1_ReadStatus                        0x08001b15   Thumb Code    10  ci24r1.o(i.CI24R1_ReadStatus)
    CI24R1_ReadToBuf                         0x08001b21   Thumb Code    40  ci24r1.o(i.CI24R1_ReadToBuf)
    CI24R1_SPI_Test                          0x08001b4d   Thumb Code    70  ci24r1.o(i.CI24R1_SPI_Test)
    CI24R1_SetChannel                        0x08001b9d   Thumb Code    18  ci24r1.o(i.CI24R1_SetChannel)
    CI24R1_SetRxAddress                      0x08001baf   Thumb Code    26  ci24r1.o(i.CI24R1_SetRxAddress)
    CI24R1_SetTxAddress                      0x08001bc9   Thumb Code    26  ci24r1.o(i.CI24R1_SetTxAddress)
    CI24R1_SetTxMode                         0x08001be3   Thumb Code    20  ci24r1.o(i.CI24R1_SetTxMode)
    CI24R1_Tx                                0x08001bf9   Thumb Code    92  ci24r1.o(i.CI24R1_Tx)
    CI24R1_WriteByte                         0x08001c59   Thumb Code    58  ci24r1.o(i.CI24R1_WriteByte)
    CI24R1_WriteCmd                          0x08001c99   Thumb Code    18  ci24r1.o(i.CI24R1_WriteCmd)
    CI24R1_WriteFromBuf                      0x08001cb1   Thumb Code    44  ci24r1.o(i.CI24R1_WriteFromBuf)
    CI24R1_WriteReg                          0x08001ce1   Thumb Code    26  ci24r1.o(i.CI24R1_WriteReg)
    DMA1_Channel1_IRQHandler                 0x08001d01   Thumb Code    10  stm32f0xx_it.o(i.DMA1_Channel1_IRQHandler)
    Error_Handler                            0x08001d5d   Thumb Code     4  main.o(i.Error_Handler)
    HAL_ADCEx_Calibration_Start              0x08001d61   Thumb Code   184  stm32f0xx_hal_adc_ex.o(i.HAL_ADCEx_Calibration_Start)
    HAL_ADC_ConfigChannel                    0x08001e19   Thumb Code   254  stm32f0xx_hal_adc.o(i.HAL_ADC_ConfigChannel)
    HAL_ADC_ConvCpltCallback                 0x08001f29   Thumb Code     2  stm32f0xx_hal_adc.o(i.HAL_ADC_ConvCpltCallback)
    HAL_ADC_ConvHalfCpltCallback             0x08001f2b   Thumb Code     2  stm32f0xx_hal_adc.o(i.HAL_ADC_ConvHalfCpltCallback)
    HAL_ADC_ErrorCallback                    0x08001f2d   Thumb Code     2  stm32f0xx_hal_adc.o(i.HAL_ADC_ErrorCallback)
    HAL_ADC_Init                             0x08001f31   Thumb Code   366  stm32f0xx_hal_adc.o(i.HAL_ADC_Init)
    HAL_ADC_MspInit                          0x080020a9   Thumb Code   146  stm32f0xx_hal_msp.o(i.HAL_ADC_MspInit)
    HAL_ADC_Start_DMA                        0x08002151   Thumb Code   144  stm32f0xx_hal_adc.o(i.HAL_ADC_Start_DMA)
    HAL_DMA_IRQHandler                       0x080021f1   Thumb Code   156  stm32f0xx_hal_dma.o(i.HAL_DMA_IRQHandler)
    HAL_DMA_Init                             0x0800228d   Thumb Code    78  stm32f0xx_hal_dma.o(i.HAL_DMA_Init)
    HAL_DMA_Start_IT                         0x080022e1   Thumb Code   106  stm32f0xx_hal_dma.o(i.HAL_DMA_Start_IT)
    HAL_Delay                                0x0800234d   Thumb Code    32  stm32f0xx_hal.o(i.HAL_Delay)
    HAL_GPIO_Init                            0x08002371   Thumb Code   396  stm32f0xx_hal_gpio.o(i.HAL_GPIO_Init)
    HAL_GPIO_WritePin                        0x08002515   Thumb Code    12  stm32f0xx_hal_gpio.o(i.HAL_GPIO_WritePin)
    HAL_GetTick                              0x08002521   Thumb Code     6  stm32f0xx_hal.o(i.HAL_GetTick)
    HAL_I2CEx_ConfigAnalogFilter             0x0800252d   Thumb Code    74  stm32f0xx_hal_i2c_ex.o(i.HAL_I2CEx_ConfigAnalogFilter)
    HAL_I2CEx_ConfigDigitalFilter            0x08002577   Thumb Code    72  stm32f0xx_hal_i2c_ex.o(i.HAL_I2CEx_ConfigDigitalFilter)
    HAL_I2C_Init                             0x080025c1   Thumb Code   176  stm32f0xx_hal_i2c.o(i.HAL_I2C_Init)
    HAL_I2C_Master_Transmit                  0x08002675   Thumb Code   262  stm32f0xx_hal_i2c.o(i.HAL_I2C_Master_Transmit)
    HAL_I2C_MspInit                          0x08002785   Thumb Code    86  stm32f0xx_hal_msp.o(i.HAL_I2C_MspInit)
    HAL_IncTick                              0x080027e9   Thumb Code    12  stm32f0xx_hal.o(i.HAL_IncTick)
    HAL_Init                                 0x080027f9   Thumb Code    26  stm32f0xx_hal.o(i.HAL_Init)
    HAL_InitTick                             0x08002819   Thumb Code    58  stm32f0xx_hal.o(i.HAL_InitTick)
    HAL_MspInit                              0x0800285d   Thumb Code    34  stm32f0xx_hal_msp.o(i.HAL_MspInit)
    HAL_NVIC_EnableIRQ                       0x08002885   Thumb Code    18  stm32f0xx_hal_cortex.o(i.HAL_NVIC_EnableIRQ)
    HAL_NVIC_SetPriority                     0x0800289d   Thumb Code     8  stm32f0xx_hal_cortex.o(i.HAL_NVIC_SetPriority)
    HAL_RCCEx_PeriphCLKConfig                0x080028a5   Thumb Code   218  stm32f0xx_hal_rcc_ex.o(i.HAL_RCCEx_PeriphCLKConfig)
    HAL_RCC_ClockConfig                      0x0800298d   Thumb Code   242  stm32f0xx_hal_rcc.o(i.HAL_RCC_ClockConfig)
    HAL_RCC_GetSysClockFreq                  0x08002a95   Thumb Code    84  stm32f0xx_hal_rcc.o(i.HAL_RCC_GetSysClockFreq)
    HAL_RCC_OscConfig                        0x08002b15   Thumb Code   890  stm32f0xx_hal_rcc.o(i.HAL_RCC_OscConfig)
    HAL_SYSTICK_Config                       0x08002e9d   Thumb Code    38  stm32f0xx_hal_cortex.o(i.HAL_SYSTICK_Config)
    HAL_TIMEx_BreakCallback                  0x08002ecd   Thumb Code     2  stm32f0xx_hal_tim_ex.o(i.HAL_TIMEx_BreakCallback)
    HAL_TIMEx_CommutCallback                 0x08002ecf   Thumb Code     2  stm32f0xx_hal_tim_ex.o(i.HAL_TIMEx_CommutCallback)
    HAL_TIM_Base_Init                        0x08002ed1   Thumb Code    72  stm32f0xx_hal_tim.o(i.HAL_TIM_Base_Init)
    HAL_TIM_Base_MspInit                     0x08002f19   Thumb Code    46  stm32f0xx_hal_msp.o(i.HAL_TIM_Base_MspInit)
    HAL_TIM_Base_Start_IT                    0x08002f51   Thumb Code    68  stm32f0xx_hal_tim.o(i.HAL_TIM_Base_Start_IT)
    HAL_TIM_IC_CaptureCallback               0x08002fa1   Thumb Code     2  stm32f0xx_hal_tim.o(i.HAL_TIM_IC_CaptureCallback)
    HAL_TIM_IRQHandler                       0x08002fa3   Thumb Code   354  stm32f0xx_hal_tim.o(i.HAL_TIM_IRQHandler)
    HAL_TIM_OC_DelayElapsedCallback          0x08003105   Thumb Code     2  stm32f0xx_hal_tim.o(i.HAL_TIM_OC_DelayElapsedCallback)
    HAL_TIM_PWM_PulseFinishedCallback        0x08003107   Thumb Code     2  stm32f0xx_hal_tim.o(i.HAL_TIM_PWM_PulseFinishedCallback)
    HAL_TIM_PeriodElapsedCallback            0x08003109   Thumb Code     2  stm32f0xx_hal_tim.o(i.HAL_TIM_PeriodElapsedCallback)
    HAL_TIM_TriggerCallback                  0x0800310b   Thumb Code     2  stm32f0xx_hal_tim.o(i.HAL_TIM_TriggerCallback)
    HardFault_Handler                        0x0800310d   Thumb Code     2  stm32f0xx_it.o(i.HardFault_Handler)
    I2C_WriteByte                            0x080032cd   Thumb Code    30  oled_i2c.o(i.I2C_WriteByte)
    NMI_Handler                              0x0800351d   Thumb Code     2  stm32f0xx_it.o(i.NMI_Handler)
    OLED_Fill                                0x0800351f   Thumb Code    54  oled_i2c.o(i.OLED_Fill)
    OLED_Init                                0x08003555   Thumb Code   178  oled_i2c.o(i.OLED_Init)
    OLED_SetPos                              0x08003607   Thumb Code    34  oled_i2c.o(i.OLED_SetPos)
    OLED_ShowStr                             0x08003629   Thumb Code   188  oled_i2c.o(i.OLED_ShowStr)
    PendSV_Handler                           0x080036ed   Thumb Code     2  stm32f0xx_it.o(i.PendSV_Handler)
    SEGGER_RTT_Write                         0x080036f1   Thumb Code    48  segger_rtt.o(i.SEGGER_RTT_Write)
    SEGGER_RTT_WriteNoLock                   0x08003725   Thumb Code    86  segger_rtt.o(i.SEGGER_RTT_WriteNoLock)
    SEGGER_RTT_printf                        0x08003781   Thumb Code    24  segger_rtt_printf.o(i.SEGGER_RTT_printf)
    SEGGER_RTT_vprintf                       0x08003799   Thumb Code   404  segger_rtt_printf.o(i.SEGGER_RTT_vprintf)
    SVC_Handler                              0x0800392d   Thumb Code     2  stm32f0xx_it.o(i.SVC_Handler)
    SysTick_Handler                          0x0800392f   Thumb Code     8  stm32f0xx_it.o(i.SysTick_Handler)
    SystemClock_Config                       0x08003937   Thumb Code   124  main.o(i.SystemClock_Config)
    SystemInit                               0x080039b3   Thumb Code     2  system_stm32f0xx.o(i.SystemInit)
    TIM16_IRQHandler                         0x080039b5   Thumb Code    14  stm32f0xx_it.o(i.TIM16_IRQHandler)
    TIM_Base_SetConfig                       0x080039c9   Thumb Code   112  stm32f0xx_hal_tim.o(i.TIM_Base_SetConfig)
    WriteCmd                                 0x08003a51   Thumb Code    12  oled_i2c.o(i.WriteCmd)
    WriteDat                                 0x08003a5d   Thumb Code    12  oled_i2c.o(i.WriteDat)
    __ARM_common_ll_muluu                    0x08003d67   Thumb Code    48  stm32f0xx_hal_rcc.o(i.__ARM_common_ll_muluu)
    __ARM_fpclassify                         0x08003d99   Thumb Code    40  fpclassify.o(i.__ARM_fpclassify)
    _is_digit                                0x08003e09   Thumb Code    14  __printf_wp.o(i._is_digit)
    adc_get_val                              0x08003e19   Thumb Code    36  main.o(i.adc_get_val)
    gui_init                                 0x08003e41   Thumb Code    14  gui.o(i.gui_init)
    main                                     0x08003e51   Thumb Code   332  main.o(i.main)
    show_rx_limit                            0x08003fed   Thumb Code   122  gui.o(i.show_rx_limit)
    show_rx_vcc                              0x08004079   Thumb Code    76  gui.o(i.show_rx_vcc)
    show_tx_vcc                              0x080040d9   Thumb Code   106  gui.o(i.show_tx_vcc)
    tim_working                              0x08004161   Thumb Code   126  main.o(i.tim_working)
    _get_lc_numeric                          0x080041e9   Thumb Code    44  lc_numeric_c.o(locale$$code)
    _printf_fp_dec                           0x08004215   Thumb Code    16  printf1.o(x$fpl$printf1)
    F6x8                                     0x08004224   Data         552  codetab.o(.constdata)
    __I$use$fp                               0x08004224   Number         0  usenofp.o(x$fpl$usenofp)
    F8X16                                    0x0800444c   Data        1520  codetab.o(.constdata)
    AHBPrescTable                            0x08004a4c   Data          16  system_stm32f0xx.o(.constdata)
    Region$$Table$$Base                      0x08004b30   Number         0  anon$$obj.o(Region$$Table)
    Region$$Table$$Limit                     0x08004b50   Number         0  anon$$obj.o(Region$$Table)
    ci24r1_ready_flag                        0x20000000   Data           1  main.o(.data)
    ackpayloadlen                            0x20000001   Data           1  main.o(.data)
    TX_ADDRESS                               0x20000008   Data           5  main.o(.data)
    RX_ADDRESS                               0x2000000d   Data           5  main.o(.data)
    lcdbuf                                   0x20000016   Data           8  gui.o(.data)
    uwTickFreq                               0x20000020   Data           1  stm32f0xx_hal.o(.data)
    uwTickPrio                               0x20000024   Data           4  stm32f0xx_hal.o(.data)
    uwTick                                   0x20000028   Data           4  stm32f0xx_hal.o(.data)
    SystemCoreClock                          0x2000002c   Data           4  system_stm32f0xx.o(.data)
    adc_value                                0x20000030   Data          45  main.o(.bss)
    TxBuf                                    0x2000005d   Data          32  main.o(.bss)
    ackpayload                               0x2000007d   Data          32  main.o(.bss)
    hadc                                     0x200000a0   Data          64  main.o(.bss)
    hi2c1                                    0x200000e0   Data          76  main.o(.bss)
    htim16                                   0x2000012c   Data          72  main.o(.bss)
    hdma_adc                                 0x20000174   Data          68  main.o(.bss)
    _SEGGER_RTT                              0x200001b8   Data         168  segger_rtt.o(.bss)
    __libspace_start                         0x20000670   Data          96  libspace.o(.bss)
    __temporary_stack_top$libspace           0x200006d0   Data           0  libspace.o(.bss)



==============================================================================

Memory Map of the image

  Image Entry point : 0x080000b5

  Load Region LR_IROM1 (Base: 0x08000000, Size: 0x00004b9c, Max: 0x00010000, ABSOLUTE)

    Execution Region ER_IROM1 (Exec base: 0x08000000, Load base: 0x08000000, Size: 0x00004b6c, Max: 0x00010000, ABSOLUTE)

    Exec Addr    Load Addr    Size         Type   Attr      Idx    E Section Name        Object

    0x08000000   0x08000000   0x000000b4   Data   RO            3    RESET               startup_stm32f030x8.o
    0x080000b4   0x080000b4   0x00000008   Code   RO         3507  * !!!main             c_p.l(__main.o)
    0x080000bc   0x080000bc   0x0000003c   Code   RO         3743    !!!scatter          c_p.l(__scatter.o)
    0x080000f8   0x080000f8   0x0000001a   Code   RO         3745    !!handler_copy      c_p.l(__scatter_copy.o)
    0x08000112   0x08000112   0x00000002   PAD
    0x08000114   0x08000114   0x0000001c   Code   RO         3747    !!handler_zi        c_p.l(__scatter_zi.o)
    0x08000130   0x08000130   0x00000002   Code   RO         3486    .ARM.Collect$$_printf_percent$$00000000  c_p.l(_printf_percent.o)
    0x08000132   0x08000132   0x0000000a   Code   RO         3485    .ARM.Collect$$_printf_percent$$00000003  c_p.l(_printf_f.o)
    0x0800013c   0x0800013c   0x00000004   Code   RO         3550    .ARM.Collect$$_printf_percent$$00000017  c_p.l(_printf_percent_end.o)
    0x08000140   0x08000140   0x00000002   Code   RO         3613    .ARM.Collect$$libinit$$00000000  c_p.l(libinit.o)
    0x08000142   0x08000142   0x00000000   Code   RO         3615    .ARM.Collect$$libinit$$00000002  c_p.l(libinit2.o)
    0x08000142   0x08000142   0x00000000   Code   RO         3617    .ARM.Collect$$libinit$$00000004  c_p.l(libinit2.o)
    0x08000142   0x08000142   0x00000000   Code   RO         3620    .ARM.Collect$$libinit$$0000000A  c_p.l(libinit2.o)
    0x08000142   0x08000142   0x00000000   Code   RO         3622    .ARM.Collect$$libinit$$0000000C  c_p.l(libinit2.o)
    0x08000142   0x08000142   0x00000000   Code   RO         3624    .ARM.Collect$$libinit$$0000000E  c_p.l(libinit2.o)
    0x08000142   0x08000142   0x00000006   Code   RO         3625    .ARM.Collect$$libinit$$0000000F  c_p.l(libinit2.o)
    0x08000148   0x08000148   0x00000000   Code   RO         3627    .ARM.Collect$$libinit$$00000011  c_p.l(libinit2.o)
    0x08000148   0x08000148   0x00000000   Code   RO         3629    .ARM.Collect$$libinit$$00000013  c_p.l(libinit2.o)
    0x08000148   0x08000148   0x00000000   Code   RO         3631    .ARM.Collect$$libinit$$00000015  c_p.l(libinit2.o)
    0x08000148   0x08000148   0x0000000a   Code   RO         3632    .ARM.Collect$$libinit$$00000016  c_p.l(libinit2.o)
    0x08000152   0x08000152   0x00000000   Code   RO         3633    .ARM.Collect$$libinit$$00000017  c_p.l(libinit2.o)
    0x08000152   0x08000152   0x00000000   Code   RO         3635    .ARM.Collect$$libinit$$00000019  c_p.l(libinit2.o)
    0x08000152   0x08000152   0x00000000   Code   RO         3637    .ARM.Collect$$libinit$$0000001B  c_p.l(libinit2.o)
    0x08000152   0x08000152   0x00000000   Code   RO         3639    .ARM.Collect$$libinit$$0000001D  c_p.l(libinit2.o)
    0x08000152   0x08000152   0x00000000   Code   RO         3641    .ARM.Collect$$libinit$$0000001F  c_p.l(libinit2.o)
    0x08000152   0x08000152   0x00000000   Code   RO         3643    .ARM.Collect$$libinit$$00000021  c_p.l(libinit2.o)
    0x08000152   0x08000152   0x00000000   Code   RO         3645    .ARM.Collect$$libinit$$00000023  c_p.l(libinit2.o)
    0x08000152   0x08000152   0x00000000   Code   RO         3647    .ARM.Collect$$libinit$$00000025  c_p.l(libinit2.o)
    0x08000152   0x08000152   0x00000000   Code   RO         3651    .ARM.Collect$$libinit$$0000002C  c_p.l(libinit2.o)
    0x08000152   0x08000152   0x00000000   Code   RO         3653    .ARM.Collect$$libinit$$0000002E  c_p.l(libinit2.o)
    0x08000152   0x08000152   0x00000000   Code   RO         3655    .ARM.Collect$$libinit$$00000030  c_p.l(libinit2.o)
    0x08000152   0x08000152   0x00000000   Code   RO         3657    .ARM.Collect$$libinit$$00000032  c_p.l(libinit2.o)
    0x08000152   0x08000152   0x00000002   Code   RO         3658    .ARM.Collect$$libinit$$00000033  c_p.l(libinit2.o)
    0x08000154   0x08000154   0x00000002   Code   RO         3706    .ARM.Collect$$libshutdown$$00000000  c_p.l(libshutdown.o)
    0x08000156   0x08000156   0x00000000   Code   RO         3724    .ARM.Collect$$libshutdown$$00000002  c_p.l(libshutdown2.o)
    0x08000156   0x08000156   0x00000000   Code   RO         3726    .ARM.Collect$$libshutdown$$00000004  c_p.l(libshutdown2.o)
    0x08000156   0x08000156   0x00000000   Code   RO         3728    .ARM.Collect$$libshutdown$$00000006  c_p.l(libshutdown2.o)
    0x08000156   0x08000156   0x00000000   Code   RO         3731    .ARM.Collect$$libshutdown$$00000009  c_p.l(libshutdown2.o)
    0x08000156   0x08000156   0x00000000   Code   RO         3734    .ARM.Collect$$libshutdown$$0000000C  c_p.l(libshutdown2.o)
    0x08000156   0x08000156   0x00000000   Code   RO         3736    .ARM.Collect$$libshutdown$$0000000E  c_p.l(libshutdown2.o)
    0x08000156   0x08000156   0x00000000   Code   RO         3739    .ARM.Collect$$libshutdown$$00000011  c_p.l(libshutdown2.o)
    0x08000156   0x08000156   0x00000002   Code   RO         3740    .ARM.Collect$$libshutdown$$00000012  c_p.l(libshutdown2.o)
    0x08000158   0x08000158   0x00000000   Code   RO         3531    .ARM.Collect$$rtentry$$00000000  c_p.l(__rtentry.o)
    0x08000158   0x08000158   0x00000000   Code   RO         3555    .ARM.Collect$$rtentry$$00000002  c_p.l(__rtentry2.o)
    0x08000158   0x08000158   0x00000006   Code   RO         3567    .ARM.Collect$$rtentry$$00000004  c_p.l(__rtentry4.o)
    0x0800015e   0x0800015e   0x00000000   Code   RO         3557    .ARM.Collect$$rtentry$$00000009  c_p.l(__rtentry2.o)
    0x0800015e   0x0800015e   0x00000004   Code   RO         3558    .ARM.Collect$$rtentry$$0000000A  c_p.l(__rtentry2.o)
    0x08000162   0x08000162   0x00000000   Code   RO         3560    .ARM.Collect$$rtentry$$0000000C  c_p.l(__rtentry2.o)
    0x08000162   0x08000162   0x00000008   Code   RO         3561    .ARM.Collect$$rtentry$$0000000D  c_p.l(__rtentry2.o)
    0x0800016a   0x0800016a   0x00000002   Code   RO         3660    .ARM.Collect$$rtexit$$00000000  c_p.l(rtexit.o)
    0x0800016c   0x0800016c   0x00000000   Code   RO         3675    .ARM.Collect$$rtexit$$00000002  c_p.l(rtexit2.o)
    0x0800016c   0x0800016c   0x00000004   Code   RO         3676    .ARM.Collect$$rtexit$$00000003  c_p.l(rtexit2.o)
    0x08000170   0x08000170   0x00000006   Code   RO         3677    .ARM.Collect$$rtexit$$00000004  c_p.l(rtexit2.o)
    0x08000176   0x08000176   0x00000002   PAD
    0x08000178   0x08000178   0x00000038   Code   RO         3493    .emb_text           c_p.l(rt_memcpy.o)
    0x080001b0   0x080001b0   0x00000034   Code   RO            4    .text               startup_stm32f030x8.o
    0x080001e4   0x080001e4   0x00000102   Code   RO         3452    .text               c_p.l(lludiv.o)
    0x080002e6   0x080002e6   0x00000002   PAD
    0x080002e8   0x080002e8   0x00000038   Code   RO         3456    .text               c_p.l(noretval__2snprintf.o)
    0x08000320   0x08000320   0x0000010e   Code   RO         3472    .text               c_p.l(__printf_wp.o)
    0x0800042e   0x0800042e   0x00000002   PAD
    0x08000430   0x08000430   0x0000004c   Code   RO         3487    .text               c_p.l(strcpy.o)
    0x0800047c   0x0800047c   0x00000018   Code   RO         3491    .text               c_p.l(strcat.o)
    0x08000494   0x08000494   0x00000082   Code   RO         3494    .text               c_p.l(rt_memcpy.o)
    0x08000516   0x08000516   0x00000012   Code   RO         3497    .text               c_p.l(aeabi_memset.o)
    0x08000528   0x08000528   0x00000040   Code   RO         3499    .text               c_p.l(rt_memclr.o)
    0x08000568   0x08000568   0x0000015a   Code   RO         3501    .text               c_p.l(aeabi_sdiv.o)
    0x080006c2   0x080006c2   0x00000006   Code   RO         3505    .text               c_p.l(heapauxi.o)
    0x080006c8   0x080006c8   0x0000007c   Code   RO         3509    .text               fz_ps.l(d2f.o)
    0x08000744   0x08000744   0x00000248   Code   RO         3514    .text               fz_ps.l(dmul.o)
    0x0800098c   0x0800098c   0x00000060   Code   RO         3516    .text               fz_ps.l(dscalbn.o)
    0x080009ec   0x080009ec   0x00000054   Code   RO         3518    .text               fz_ps.l(f2d.o)
    0x08000a40   0x08000a40   0x00000160   Code   RO         3520    .text               fz_ps.l(fdiv.o)
    0x08000ba0   0x08000ba0   0x0000005e   Code   RO         3525    .text               fz_ps.l(fflti.o)
    0x08000bfe   0x08000bfe   0x00000002   PAD
    0x08000c00   0x08000c00   0x00000044   Code   RO         3527    .text               fz_ps.l(fscalbn.o)
    0x08000c44   0x08000c44   0x00000418   Code   RO         3542    .text               c_p.l(_printf_fp_dec.o)
    0x0800105c   0x0800105c   0x00000030   Code   RO         3544    .text               c_p.l(_printf_char_common.o)
    0x0800108c   0x0800108c   0x0000000a   Code   RO         3546    .text               c_p.l(_sputc.o)
    0x08001096   0x08001096   0x00000010   Code   RO         3548    .text               c_p.l(_snputc.o)
    0x080010a6   0x080010a6   0x00000028   Code   RO         3551    .text               c_p.l(rtudiv10.o)
    0x080010ce   0x080010ce   0x00000002   PAD
    0x080010d0   0x080010d0   0x00000008   Code   RO         3574    .text               c_p.l(rt_locale_intlibspace.o)
    0x080010d8   0x080010d8   0x0000007a   Code   RO         3576    .text               c_p.l(lludiv10.o)
    0x08001152   0x08001152   0x00000002   PAD
    0x08001154   0x08001154   0x00000088   Code   RO         3578    .text               c_p.l(_printf_fp_infnan.o)
    0x080011dc   0x080011dc   0x000000d8   Code   RO         3582    .text               c_p.l(bigflt0.o)
    0x080012b4   0x080012b4   0x00000580   Code   RO         3585    .text               c_p.l(btod.o)
    0x08001834   0x08001834   0x00000008   Code   RO         3594    .text               c_p.l(libspace.o)
    0x0800183c   0x0800183c   0x0000003e   Code   RO         3597    .text               c_p.l(sys_stackheap_outer.o)
    0x0800187a   0x0800187a   0x00000010   Code   RO         3600    .text               c_p.l(exit.o)
    0x0800188a   0x0800188a   0x00000002   PAD
    0x0800188c   0x0800188c   0x00000088   Code   RO         3606    .text               c_p.l(strcmp.o)
    0x08001914   0x08001914   0x0000000c   Code   RO         3672    .text               c_p.l(sys_exit.o)
    0x08001920   0x08001920   0x00000002   Code   RO         3693    .text               c_p.l(use_no_semi.o)
    0x08001922   0x08001922   0x00000000   Code   RO         3695    .text               c_p.l(indicate_semi.o)
    0x08001922   0x08001922   0x0000006c   Code   RO          874    i.ADC_DMAConvCplt   stm32f0xx_hal_adc.o
    0x0800198e   0x0800198e   0x0000001a   Code   RO          875    i.ADC_DMAError      stm32f0xx_hal_adc.o
    0x080019a8   0x080019a8   0x0000000a   Code   RO          876    i.ADC_DMAHalfConvCplt  stm32f0xx_hal_adc.o
    0x080019b2   0x080019b2   0x00000002   PAD
    0x080019b4   0x080019b4   0x00000090   Code   RO          878    i.ADC_Enable        stm32f0xx_hal_adc.o
    0x08001a44   0x08001a44   0x00000054   Code   RO          327    i.CI24R1_Init       ci24r1.o
    0x08001a98   0x08001a98   0x0000001e   Code   RO          330    i.CI24R1_ReadACKPload  ci24r1.o
    0x08001ab6   0x08001ab6   0x00000002   PAD
    0x08001ab8   0x08001ab8   0x00000040   Code   RO          331    i.CI24R1_ReadByte   ci24r1.o
    0x08001af8   0x08001af8   0x0000001c   Code   RO          332    i.CI24R1_ReadReg    ci24r1.o
    0x08001b14   0x08001b14   0x0000000a   Code   RO          333    i.CI24R1_ReadStatus  ci24r1.o
    0x08001b1e   0x08001b1e   0x00000002   PAD
    0x08001b20   0x08001b20   0x0000002c   Code   RO          334    i.CI24R1_ReadToBuf  ci24r1.o
    0x08001b4c   0x08001b4c   0x00000050   Code   RO          336    i.CI24R1_SPI_Test   ci24r1.o
    0x08001b9c   0x08001b9c   0x00000012   Code   RO          337    i.CI24R1_SetChannel  ci24r1.o
    0x08001bae   0x08001bae   0x0000001a   Code   RO          338    i.CI24R1_SetRxAddress  ci24r1.o
    0x08001bc8   0x08001bc8   0x0000001a   Code   RO          340    i.CI24R1_SetTxAddress  ci24r1.o
    0x08001be2   0x08001be2   0x00000014   Code   RO          341    i.CI24R1_SetTxMode  ci24r1.o
    0x08001bf6   0x08001bf6   0x00000002   PAD
    0x08001bf8   0x08001bf8   0x00000060   Code   RO          343    i.CI24R1_Tx         ci24r1.o
    0x08001c58   0x08001c58   0x00000040   Code   RO          345    i.CI24R1_WriteByte  ci24r1.o
    0x08001c98   0x08001c98   0x00000018   Code   RO          346    i.CI24R1_WriteCmd   ci24r1.o
    0x08001cb0   0x08001cb0   0x00000030   Code   RO          347    i.CI24R1_WriteFromBuf  ci24r1.o
    0x08001ce0   0x08001ce0   0x00000020   Code   RO          348    i.CI24R1_WriteReg   ci24r1.o
    0x08001d00   0x08001d00   0x00000010   Code   RO          210    i.DMA1_Channel1_IRQHandler  stm32f0xx_it.o
    0x08001d10   0x08001d10   0x00000024   Code   RO         1911    i.DMA_CalcBaseAndBitshift  stm32f0xx_hal_dma.o
    0x08001d34   0x08001d34   0x00000028   Code   RO         1912    i.DMA_SetConfig     stm32f0xx_hal_dma.o
    0x08001d5c   0x08001d5c   0x00000004   Code   RO           12    i.Error_Handler     main.o
    0x08001d60   0x08001d60   0x000000b8   Code   RO         1049    i.HAL_ADCEx_Calibration_Start  stm32f0xx_hal_adc_ex.o
    0x08001e18   0x08001e18   0x00000110   Code   RO          880    i.HAL_ADC_ConfigChannel  stm32f0xx_hal_adc.o
    0x08001f28   0x08001f28   0x00000002   Code   RO          881    i.HAL_ADC_ConvCpltCallback  stm32f0xx_hal_adc.o
    0x08001f2a   0x08001f2a   0x00000002   Code   RO          882    i.HAL_ADC_ConvHalfCpltCallback  stm32f0xx_hal_adc.o
    0x08001f2c   0x08001f2c   0x00000002   Code   RO          884    i.HAL_ADC_ErrorCallback  stm32f0xx_hal_adc.o
    0x08001f2e   0x08001f2e   0x00000002   PAD
    0x08001f30   0x08001f30   0x00000178   Code   RO          889    i.HAL_ADC_Init      stm32f0xx_hal_adc.o
    0x080020a8   0x080020a8   0x000000a8   Code   RO          271    i.HAL_ADC_MspInit   stm32f0xx_hal_msp.o
    0x08002150   0x08002150   0x000000a0   Code   RO          896    i.HAL_ADC_Start_DMA  stm32f0xx_hal_adc.o
    0x080021f0   0x080021f0   0x0000009c   Code   RO         1918    i.HAL_DMA_IRQHandler  stm32f0xx_hal_dma.o
    0x0800228c   0x0800228c   0x00000054   Code   RO         1919    i.HAL_DMA_Init      stm32f0xx_hal_dma.o
    0x080022e0   0x080022e0   0x0000006a   Code   RO         1923    i.HAL_DMA_Start_IT  stm32f0xx_hal_dma.o
    0x0800234a   0x0800234a   0x00000002   PAD
    0x0800234c   0x0800234c   0x00000024   Code   RO         1200    i.HAL_Delay         stm32f0xx_hal.o
    0x08002370   0x08002370   0x000001a4   Code   RO         1852    i.HAL_GPIO_Init     stm32f0xx_hal_gpio.o
    0x08002514   0x08002514   0x0000000c   Code   RO         1856    i.HAL_GPIO_WritePin  stm32f0xx_hal_gpio.o
    0x08002520   0x08002520   0x0000000c   Code   RO         1204    i.HAL_GetTick       stm32f0xx_hal.o
    0x0800252c   0x0800252c   0x0000004a   Code   RO         1811    i.HAL_I2CEx_ConfigAnalogFilter  stm32f0xx_hal_i2c_ex.o
    0x08002576   0x08002576   0x00000048   Code   RO         1812    i.HAL_I2CEx_ConfigDigitalFilter  stm32f0xx_hal_i2c_ex.o
    0x080025be   0x080025be   0x00000002   PAD
    0x080025c0   0x080025c0   0x000000b4   Code   RO         1364    i.HAL_I2C_Init      stm32f0xx_hal_i2c.o
    0x08002674   0x08002674   0x00000110   Code   RO         1377    i.HAL_I2C_Master_Transmit  stm32f0xx_hal_i2c.o
    0x08002784   0x08002784   0x00000064   Code   RO          273    i.HAL_I2C_MspInit   stm32f0xx_hal_msp.o
    0x080027e8   0x080027e8   0x00000010   Code   RO         1210    i.HAL_IncTick       stm32f0xx_hal.o
    0x080027f8   0x080027f8   0x00000020   Code   RO         1211    i.HAL_Init          stm32f0xx_hal.o
    0x08002818   0x08002818   0x00000044   Code   RO         1212    i.HAL_InitTick      stm32f0xx_hal.o
    0x0800285c   0x0800285c   0x00000028   Code   RO          274    i.HAL_MspInit       stm32f0xx_hal_msp.o
    0x08002884   0x08002884   0x00000018   Code   RO         2011    i.HAL_NVIC_EnableIRQ  stm32f0xx_hal_cortex.o
    0x0800289c   0x0800289c   0x00000008   Code   RO         2015    i.HAL_NVIC_SetPriority  stm32f0xx_hal_cortex.o
    0x080028a4   0x080028a4   0x000000e8   Code   RO         1165    i.HAL_RCCEx_PeriphCLKConfig  stm32f0xx_hal_rcc_ex.o
    0x0800298c   0x0800298c   0x00000108   Code   RO         1070    i.HAL_RCC_ClockConfig  stm32f0xx_hal_rcc.o
    0x08002a94   0x08002a94   0x00000080   Code   RO         1078    i.HAL_RCC_GetSysClockFreq  stm32f0xx_hal_rcc.o
    0x08002b14   0x08002b14   0x00000388   Code   RO         1081    i.HAL_RCC_OscConfig  stm32f0xx_hal_rcc.o
    0x08002e9c   0x08002e9c   0x00000030   Code   RO         2019    i.HAL_SYSTICK_Config  stm32f0xx_hal_cortex.o
    0x08002ecc   0x08002ecc   0x00000002   Code   RO         3153    i.HAL_TIMEx_BreakCallback  stm32f0xx_hal_tim_ex.o
    0x08002ece   0x08002ece   0x00000002   Code   RO         3154    i.HAL_TIMEx_CommutCallback  stm32f0xx_hal_tim_ex.o
    0x08002ed0   0x08002ed0   0x00000048   Code   RO         2453    i.HAL_TIM_Base_Init  stm32f0xx_hal_tim.o
    0x08002f18   0x08002f18   0x00000038   Code   RO          276    i.HAL_TIM_Base_MspInit  stm32f0xx_hal_msp.o
    0x08002f50   0x08002f50   0x00000050   Code   RO         2458    i.HAL_TIM_Base_Start_IT  stm32f0xx_hal_tim.o
    0x08002fa0   0x08002fa0   0x00000002   Code   RO         2487    i.HAL_TIM_IC_CaptureCallback  stm32f0xx_hal_tim.o
    0x08002fa2   0x08002fa2   0x00000162   Code   RO         2501    i.HAL_TIM_IRQHandler  stm32f0xx_hal_tim.o
    0x08003104   0x08003104   0x00000002   Code   RO         2504    i.HAL_TIM_OC_DelayElapsedCallback  stm32f0xx_hal_tim.o
    0x08003106   0x08003106   0x00000002   Code   RO         2531    i.HAL_TIM_PWM_PulseFinishedCallback  stm32f0xx_hal_tim.o
    0x08003108   0x08003108   0x00000002   Code   RO         2539    i.HAL_TIM_PeriodElapsedCallback  stm32f0xx_hal_tim.o
    0x0800310a   0x0800310a   0x00000002   Code   RO         2544    i.HAL_TIM_TriggerCallback  stm32f0xx_hal_tim.o
    0x0800310c   0x0800310c   0x00000002   Code   RO          211    i.HardFault_Handler  stm32f0xx_it.o
    0x0800310e   0x0800310e   0x00000022   Code   RO         1411    i.I2C_Flush_TXDR    stm32f0xx_hal_i2c.o
    0x08003130   0x08003130   0x00000088   Code   RO         1419    i.I2C_IsAcknowledgeFailed  stm32f0xx_hal_i2c.o
    0x080031b8   0x080031b8   0x00000028   Code   RO         1426    i.I2C_TransferConfig  stm32f0xx_hal_i2c.o
    0x080031e0   0x080031e0   0x0000004e   Code   RO         1428    i.I2C_WaitOnFlagUntilTimeout  stm32f0xx_hal_i2c.o
    0x0800322e   0x0800322e   0x0000004c   Code   RO         1430    i.I2C_WaitOnSTOPFlagUntilTimeout  stm32f0xx_hal_i2c.o
    0x0800327a   0x0800327a   0x00000050   Code   RO         1431    i.I2C_WaitOnTXISFlagUntilTimeout  stm32f0xx_hal_i2c.o
    0x080032ca   0x080032ca   0x00000002   PAD
    0x080032cc   0x080032cc   0x00000024   Code   RO          550    i.I2C_WriteByte     oled_i2c.o
    0x080032f0   0x080032f0   0x00000108   Code   RO           13    i.MX_ADC_Init       main.o
    0x080033f8   0x080033f8   0x000000cc   Code   RO           14    i.MX_GPIO_Init      main.o
    0x080034c4   0x080034c4   0x00000058   Code   RO           15    i.MX_I2C1_Init      main.o
    0x0800351c   0x0800351c   0x00000002   Code   RO          212    i.NMI_Handler       stm32f0xx_it.o
    0x0800351e   0x0800351e   0x00000036   Code   RO          553    i.OLED_Fill         oled_i2c.o
    0x08003554   0x08003554   0x000000b2   Code   RO          554    i.OLED_Init         oled_i2c.o
    0x08003606   0x08003606   0x00000022   Code   RO          557    i.OLED_SetPos       oled_i2c.o
    0x08003628   0x08003628   0x000000c4   Code   RO          559    i.OLED_ShowStr      oled_i2c.o
    0x080036ec   0x080036ec   0x00000002   Code   RO          213    i.PendSV_Handler    stm32f0xx_it.o
    0x080036ee   0x080036ee   0x00000002   PAD
    0x080036f0   0x080036f0   0x00000034   Code   RO          652    i.SEGGER_RTT_Write  segger_rtt.o
    0x08003724   0x08003724   0x0000005c   Code   RO          653    i.SEGGER_RTT_WriteNoLock  segger_rtt.o
    0x08003780   0x08003780   0x00000018   Code   RO          827    i.SEGGER_RTT_printf  segger_rtt_printf.o
    0x08003798   0x08003798   0x00000194   Code   RO          828    i.SEGGER_RTT_vprintf  segger_rtt_printf.o
    0x0800392c   0x0800392c   0x00000002   Code   RO          214    i.SVC_Handler       stm32f0xx_it.o
    0x0800392e   0x0800392e   0x00000008   Code   RO          215    i.SysTick_Handler   stm32f0xx_it.o
    0x08003936   0x08003936   0x0000007c   Code   RO           16    i.SystemClock_Config  main.o
    0x080039b2   0x080039b2   0x00000002   Code   RO         3417    i.SystemInit        system_stm32f0xx.o
    0x080039b4   0x080039b4   0x00000014   Code   RO          216    i.TIM16_IRQHandler  stm32f0xx_it.o
    0x080039c8   0x080039c8   0x00000088   Code   RO         2546    i.TIM_Base_SetConfig  stm32f0xx_hal_tim.o
    0x08003a50   0x08003a50   0x0000000c   Code   RO          560    i.WriteCmd          oled_i2c.o
    0x08003a5c   0x08003a5c   0x0000000c   Code   RO          561    i.WriteDat          oled_i2c.o
    0x08003a68   0x08003a68   0x0000006c   Code   RO          657    i._DoInit           segger_rtt.o
    0x08003ad4   0x08003ad4   0x00000016   Code   RO          658    i._GetAvailWriteSpace  segger_rtt.o
    0x08003aea   0x08003aea   0x000000c8   Code   RO          829    i._PrintInt         segger_rtt_printf.o
    0x08003bb2   0x08003bb2   0x00000002   PAD
    0x08003bb4   0x08003bb4   0x000000d8   Code   RO          830    i._PrintUnsigned    segger_rtt_printf.o
    0x08003c8c   0x08003c8c   0x0000003e   Code   RO          831    i._StoreChar        segger_rtt_printf.o
    0x08003cca   0x08003cca   0x00000060   Code   RO          660    i._WriteBlocking    segger_rtt.o
    0x08003d2a   0x08003d2a   0x0000003c   Code   RO          661    i._WriteNoCheck     segger_rtt.o
    0x08003d66   0x08003d66   0x00000030   Code   RO         1155    i.__ARM_common_ll_muluu  stm32f0xx_hal_rcc.o
    0x08003d96   0x08003d96   0x00000002   PAD
    0x08003d98   0x08003d98   0x0000002c   Code   RO         3592    i.__ARM_fpclassify  m_ps.l(fpclassify.o)
    0x08003dc4   0x08003dc4   0x00000044   Code   RO         2021    i.__NVIC_SetPriority  stm32f0xx_hal_cortex.o
    0x08003e08   0x08003e08   0x0000000e   Code   RO         3474    i._is_digit         c_p.l(__printf_wp.o)
    0x08003e16   0x08003e16   0x00000002   PAD
    0x08003e18   0x08003e18   0x00000028   Code   RO           17    i.adc_get_val       main.o
    0x08003e40   0x08003e40   0x0000000e   Code   RO          498    i.gui_init          gui.o
    0x08003e4e   0x08003e4e   0x00000002   PAD
    0x08003e50   0x08003e50   0x0000019c   Code   RO           18    i.main              main.o
    0x08003fec   0x08003fec   0x0000008c   Code   RO          500    i.show_rx_limit     gui.o
    0x08004078   0x08004078   0x00000060   Code   RO          501    i.show_rx_vcc       gui.o
    0x080040d8   0x080040d8   0x00000088   Code   RO          502    i.show_tx_vcc       gui.o
    0x08004160   0x08004160   0x00000088   Code   RO           20    i.tim_working       main.o
    0x080041e8   0x080041e8   0x0000002c   Code   RO         3588    locale$$code        c_p.l(lc_numeric_c.o)
    0x08004214   0x08004214   0x00000010   Code   RO         3529    x$fpl$printf1       fz_ps.l(printf1.o)
    0x08004224   0x08004224   0x00000000   Code   RO         3553    x$fpl$usenofp       fz_ps.l(usenofp.o)
    0x08004224   0x08004224   0x00000228   Data   RO          487    .constdata          codetab.o
    0x0800444c   0x0800444c   0x000005f0   Data   RO          488    .constdata          codetab.o
    0x08004a3c   0x08004a3c   0x00000010   Data   RO          832    .constdata          segger_rtt_printf.o
    0x08004a4c   0x08004a4c   0x00000010   Data   RO         3418    .constdata          system_stm32f0xx.o
    0x08004a5c   0x08004a5c   0x00000040   Data   RO         3521    .constdata          fz_ps.l(fdiv.o)
    0x08004a9c   0x08004a9c   0x00000094   Data   RO         3583    .constdata          c_p.l(bigflt0.o)
    0x08004b30   0x08004b30   0x00000020   Data   RO         3741    Region$$Table       anon$$obj.o
    0x08004b50   0x08004b50   0x0000001c   Data   RO         3587    locale$$data        c_p.l(lc_numeric_c.o)


    Execution Region RW_IRAM1 (Exec base: 0x20000000, Load base: 0x08004b6c, Size: 0x00000ad0, Max: 0x00002000, ABSOLUTE)

    Exec Addr    Load Addr    Size         Type   Attr      Idx    E Section Name        Object

    0x20000000   0x08004b6c   0x00000012   Data   RW           23    .data               main.o
    0x20000012   0x08004b7e   0x0000000c   Data   RW          503    .data               gui.o
    0x2000001e   0x08004b8a   0x00000002   PAD
    0x20000020   0x08004b8c   0x0000000c   Data   RW         1218    .data               stm32f0xx_hal.o
    0x2000002c   0x08004b98   0x00000004   Data   RW         3420    .data               system_stm32f0xx.o
    0x20000030        -       0x00000144   Zero   RW           21    .bss                main.o
    0x20000174        -       0x00000044   Zero   RW           22    .bss                main.o
    0x200001b8        -       0x000004b8   Zero   RW          662    .bss                segger_rtt.o
    0x20000670        -       0x00000060   Zero   RW         3595    .bss                c_p.l(libspace.o)
    0x200006d0        -       0x00000000   Zero   RW            2    HEAP                startup_stm32f030x8.o
    0x200006d0        -       0x00000400   Zero   RW            1    STACK               startup_stm32f030x8.o


==============================================================================

Image component sizes


      Code (inc. data)   RO Data    RW Data    ZI Data      Debug   Object Name

       694         52          0          0          0       9524   ci24r1.o
         0          0       2072          0          0        589   codetab.o
       386         68          0         12          0       3446   gui.o
      1272        126          0         18        392     281700   main.o
       522         14          0          0          0       4663   oled_i2c.o
       430         44          0          0       1208       8406   segger_rtt.o
       906          6         16          0          0       6805   segger_rtt_printf.o
        52         22        180          0       1024        660   startup_stm32f030x8.o
       164         30          0         12          0       8077   stm32f0xx_hal.o
      1102         58          0          0          0       7797   stm32f0xx_hal_adc.o
       184          0          0          0          0       1434   stm32f0xx_hal_adc_ex.o
       148         24          0          0          0      10421   stm32f0xx_hal_cortex.o
       422         16          0          0          0       4259   stm32f0xx_hal_dma.o
       432         24          0          0          0       2200   stm32f0xx_hal_gpio.o
       896         26          0          0          0       8525   stm32f0xx_hal_i2c.o
       146          0          0          0          0       1967   stm32f0xx_hal_i2c_ex.o
       364         52          0          0          0       2984   stm32f0xx_hal_msp.o
      1344         80          0          0          0       4170   stm32f0xx_hal_rcc.o
       232         14          0          0          0       1404   stm32f0xx_hal_rcc_ex.o
       652         36          0          0          0       7049   stm32f0xx_hal_tim.o
         4          0          0          0          0       1605   stm32f0xx_hal_tim_ex.o
        52         12          0          0          0       3213   stm32f0xx_it.o
         2          0         16          4          0       1183   system_stm32f0xx.o

    ----------------------------------------------------------------------
     10430        704       2316         48       2624     382081   Object Totals
         0          0         32          0          0          0   (incl. Generated)
        24          0          0          2          0          0   (incl. Padding)

    ----------------------------------------------------------------------

      Code (inc. data)   RO Data    RW Data    ZI Data      Debug   Library Member Name

         8          0          0          0          0         68   __main.o
       284          0          0          0          0        136   __printf_wp.o
         0          0          0          0          0          0   __rtentry.o
        12          0          0          0          0          0   __rtentry2.o
         6          0          0          0          0          0   __rtentry4.o
        60          8          0          0          0          0   __scatter.o
        26          0          0          0          0          0   __scatter_copy.o
        28          0          0          0          0          0   __scatter_zi.o
        48          6          0          0          0         88   _printf_char_common.o
        10          0          0          0          0          0   _printf_f.o
      1048         14          0          0          0        176   _printf_fp_dec.o
       136         16          0          0          0         76   _printf_fp_infnan.o
         2          0          0          0          0          0   _printf_percent.o
         4          0          0          0          0          0   _printf_percent_end.o
        16          0          0          0          0         60   _snputc.o
        10          0          0          0          0         60   _sputc.o
        18          0          0          0          0         68   aeabi_memset.o
       346          0          0          0          0         92   aeabi_sdiv.o
       216          6        148          0          0         80   bigflt0.o
      1408         30          0          0          0        260   btod.o
        16          0          0          0          0         68   exit.o
         6          0          0          0          0        136   heapauxi.o
         0          0          0          0          0          0   indicate_semi.o
        44         10         28          0          0         76   lc_numeric_c.o
         2          0          0          0          0          0   libinit.o
        18          0          0          0          0          0   libinit2.o
         2          0          0          0          0          0   libshutdown.o
         2          0          0          0          0          0   libshutdown2.o
         8          4          0          0         96         68   libspace.o
       258          0          0          0          0         88   lludiv.o
       122          0          0          0          0         72   lludiv10.o
        56          6          0          0          0         84   noretval__2snprintf.o
         8          4          0          0          0         68   rt_locale_intlibspace.o
        64          0          0          0          0        108   rt_memclr.o
       186          0          0          0          0        144   rt_memcpy.o
         2          0          0          0          0          0   rtexit.o
        10          0          0          0          0          0   rtexit2.o
        40          0          0          0          0         60   rtudiv10.o
        24          0          0          0          0         60   strcat.o
       136          4          0          0          0         72   strcmp.o
        76          6          0          0          0         72   strcpy.o
        12          4          0          0          0         60   sys_exit.o
        62          0          0          0          0         80   sys_stackheap_outer.o
         2          0          0          0          0         68   use_no_semi.o
       124          4          0          0          0         72   d2f.o
       584         26          0          0          0         84   dmul.o
        96         12          0          0          0         72   dscalbn.o
        84          4          0          0          0         60   f2d.o
       352         10         64          0          0         92   fdiv.o
        94          0          0          0          0         92   fflti.o
        68          4          0          0          0         68   fscalbn.o
        16          4          0          0          0         76   printf1.o
         0          0          0          0          0          0   usenofp.o
        44          4          0          0          0         60   fpclassify.o

    ----------------------------------------------------------------------
      6322        186        240          0         96       3224   Library Totals
        18          0          0          0          0          0   (incl. Padding)

    ----------------------------------------------------------------------

      Code (inc. data)   RO Data    RW Data    ZI Data      Debug   Library Name

      4842        118        176          0         96       2548   c_p.l
      1418         64         64          0          0        616   fz_ps.l
        44          4          0          0          0         60   m_ps.l

    ----------------------------------------------------------------------
      6322        186        240          0         96       3224   Library Totals

    ----------------------------------------------------------------------

==============================================================================


      Code (inc. data)   RO Data    RW Data    ZI Data      Debug   

     16752        890       2556         48       2720     378969   Grand Totals
     16752        890       2556         48       2720     378969   ELF Image Totals
     16752        890       2556         48          0          0   ROM Totals

==============================================================================

    Total RO  Size (Code + RO Data)                19308 (  18.86kB)
    Total RW  Size (RW Data + ZI Data)              2768 (   2.70kB)
    Total ROM Size (Code + RO Data + RW Data)      19356 (  18.90kB)

==============================================================================

